[2025-02-24T15:44:11.697984+00:00] app.INFO: Logger initsialiseeritud. [] []
[2025-02-24T15:44:11.698240+00:00] app.INFO: dashboard.php avatud {"user_id":6} []
[2025-02-24T15:44:11.762725+00:00] app.INFO: Aktiivset töölogi ei leitud {"user_id":6} []
[2025-02-24T15:44:11.763872+00:00] app.INFO: Viimane lõpetatud töölog leitud {"log_id":62} []
[2025-02-24T15:44:11.772976+00:00] app.INFO: Kuu tunnid arvutatud {"total_hours":112.42} []
[2025-02-24T15:44:11.773443+00:00] app.INFO: Kasutaja palga andmed arvutatud {"hourly_rate":"100.00","advance":"10.00"} []
[2025-02-24T15:44:11.773669+00:00] app.INFO: Kuu eesmärk arvutatud {"monthly_target":160,"progress":70.0} []
[2025-02-24T15:44:33.567593+00:00] app.INFO: Logger initsialiseeritud. [] []
[2025-02-24T15:44:33.568174+00:00] app.INFO: dashboard.php avatud {"user_id":6} []
[2025-02-24T15:44:33.569716+00:00] app.INFO: Aktiivne töölog leitud {"log_id":63} []
[2025-02-24T15:44:33.570414+00:00] app.INFO: Kuu tunnid arvutatud {"total_hours":112.42} []
[2025-02-24T15:44:33.570925+00:00] app.INFO: Kasutaja palga andmed arvutatud {"hourly_rate":"100.00","advance":"10.00"} []
[2025-02-24T15:44:33.571239+00:00] app.INFO: Kuu eesmärk arvutatud {"monthly_target":160,"progress":70.0} []
[2025-02-24T15:44:46.402903+00:00] app.INFO: Logger initsialiseeritud. [] []
[2025-02-24T15:44:46.403726+00:00] app.INFO: dashboard.php avatud {"user_id":6} []
[2025-02-24T15:44:46.406063+00:00] app.INFO: Aktiivne töölog leitud {"log_id":63} []
[2025-02-24T15:44:46.407143+00:00] app.INFO: Kuu tunnid arvutatud {"total_hours":112.42} []
[2025-02-24T15:44:46.408107+00:00] app.INFO: Kasutaja palga andmed arvutatud {"hourly_rate":"100.00","advance":"10.00"} []
[2025-02-24T15:44:46.408530+00:00] app.INFO: Kuu eesmärk arvutatud {"monthly_target":160,"progress":70.0} []
[2025-02-24T15:49:42.788598+00:00] app.INFO: Logger initsialiseeritud. [] []
[2025-02-24T15:49:42.789251+00:00] app.INFO: dashboard.php avatud {"user_id":6} []
[2025-02-24T15:49:42.790814+00:00] app.INFO: Aktiivne töölog leitud {"log_id":63} []
[2025-02-24T15:49:42.791554+00:00] app.INFO: Kuu tunnid arvutatud {"total_hours":112.42} []
[2025-02-24T15:49:42.792147+00:00] app.INFO: Kasutaja palga andmed arvutatud {"hourly_rate":"100.00","advance":"10.00"} []
[2025-02-24T15:49:42.792516+00:00] app.INFO: Kuu eesmärk arvutatud {"monthly_target":160,"progress":70.0} []
[2025-02-24T15:49:56.696675+00:00] app.INFO: Logger initsialiseeritud. [] []
[2025-02-24T15:49:56.696896+00:00] app.INFO: dashboard.php avatud {"user_id":6} []
[2025-02-24T15:49:56.698923+00:00] app.INFO: Aktiivne töölog leitud {"log_id":63} []
[2025-02-24T15:49:56.699488+00:00] app.INFO: Kuu tunnid arvutatud {"total_hours":112.42} []
[2025-02-24T15:49:56.700348+00:00] app.INFO: Kasutaja palga andmed arvutatud {"hourly_rate":"100.00","advance":"10.00"} []
[2025-02-24T15:49:56.700703+00:00] app.INFO: Kuu eesmärk arvutatud {"monthly_target":160,"progress":70.0} []
[2025-02-24T15:50:30.801776+00:00] app.INFO: Logger initsialiseeritud. [] []
[2025-02-24T15:50:30.802512+00:00] app.INFO: dashboard.php avatud {"user_id":6} []
[2025-02-24T15:50:30.804200+00:00] app.INFO: Aktiivne töölog leitud {"log_id":63} []
[2025-02-24T15:50:30.804946+00:00] app.INFO: Kuu tunnid arvutatud {"total_hours":112.42} []
[2025-02-24T15:50:30.805485+00:00] app.INFO: Kasutaja palga andmed arvutatud {"hourly_rate":"100.00","advance":"10.00"} []
[2025-02-24T15:50:30.805769+00:00] app.INFO: Kuu eesmärk arvutatud {"monthly_target":160,"progress":70.0} []
[2025-02-24T15:51:53.584772+00:00] app.INFO: Logger initsialiseeritud. [] []
[2025-02-24T15:51:53.584966+00:00] app.INFO: dashboard.php avatud {"user_id":6} []
[2025-02-24T15:51:53.586212+00:00] app.INFO: Aktiivne töölog leitud {"log_id":63} []
[2025-02-24T15:51:53.586602+00:00] app.INFO: Kuu tunnid arvutatud {"total_hours":112.42} []
[2025-02-24T15:51:53.586850+00:00] app.INFO: Kasutaja palga andmed arvutatud {"hourly_rate":"100.00","advance":"10.00"} []
[2025-02-24T15:51:53.586944+00:00] app.INFO: Kuu eesmärk arvutatud {"monthly_target":160,"progress":70.0} []
[2025-02-24T15:54:18.643268+00:00] app.INFO: Logger initsialiseeritud. [] []
[2025-02-24T15:54:18.643486+00:00] app.INFO: dashboard.php avatud {"user_id":6} []
[2025-02-24T15:54:18.657480+00:00] app.INFO: Aktiivne töölog leitud {"log_id":63} []
[2025-02-24T15:54:18.658264+00:00] app.INFO: Kuu tunnid arvutatud {"total_hours":112.42} []
[2025-02-24T15:54:18.658879+00:00] app.INFO: Kasutaja palga andmed arvutatud {"hourly_rate":"100.00","advance":"10.00"} []
[2025-02-24T15:54:18.659292+00:00] app.INFO: Kuu eesmärk arvutatud {"monthly_target":160,"progress":70.0} []
[2025-02-24T15:54:37.002121+00:00] app.INFO: Logger initsialiseeritud. [] []
[2025-02-24T15:54:37.002304+00:00] app.INFO: dashboard.php avatud {"user_id":6} []
[2025-02-24T15:54:37.003859+00:00] app.INFO: Aktiivne töölog leitud {"log_id":63} []
[2025-02-24T15:54:37.004272+00:00] app.INFO: Kuu tunnid arvutatud {"total_hours":112.42} []
[2025-02-24T15:54:37.006695+00:00] app.INFO: Kasutaja palga andmed arvutatud {"hourly_rate":"100.00","advance":"10.00"} []
[2025-02-24T15:54:37.006883+00:00] app.INFO: Kuu eesmärk arvutatud {"monthly_target":160,"progress":70.0} []
[2025-02-24T15:57:35.103705+00:00] app.INFO: Logger initsialiseeritud. [] []
[2025-02-24T15:57:35.103930+00:00] app.INFO: dashboard.php avatud {"user_id":6} []
[2025-02-24T15:57:35.106255+00:00] app.INFO: Aktiivne töölog leitud {"log_id":63} []
[2025-02-24T15:57:35.107062+00:00] app.INFO: Kuu tunnid arvutatud {"total_hours":112.42} []
[2025-02-24T15:57:35.107674+00:00] app.INFO: Kasutaja palga andmed arvutatud {"hourly_rate":"100.00","advance":"10.00"} []
[2025-02-24T15:57:35.107989+00:00] app.INFO: Kuu eesmärk arvutatud {"monthly_target":160,"progress":70.0} []
[2025-02-24T15:57:54.609650+00:00] app.INFO: Logger initsialiseeritud. [] []
[2025-02-24T15:57:54.614119+00:00] app.INFO: dashboard.php avatud {"user_id":6} []
[2025-02-24T15:57:54.691128+00:00] app.INFO: Aktiivne töölog leitud {"log_id":63} []
[2025-02-24T15:57:54.691592+00:00] app.INFO: Kuu tunnid arvutatud {"total_hours":112.42} []
[2025-02-24T15:57:54.691856+00:00] app.INFO: Kasutaja palga andmed arvutatud {"hourly_rate":"100.00","advance":"10.00"} []
[2025-02-24T15:57:54.691962+00:00] app.INFO: Kuu eesmärk arvutatud {"monthly_target":160,"progress":70.0} []
[2025-02-24T15:58:06.250549+00:00] app.INFO: Logger initsialiseeritud. [] []
[2025-02-24T15:58:06.250821+00:00] app.INFO: dashboard.php avatud {"user_id":6} []
[2025-02-24T15:58:06.253119+00:00] app.INFO: Aktiivne töölog leitud {"log_id":63} []
[2025-02-24T15:58:06.254469+00:00] app.INFO: Kuu tunnid arvutatud {"total_hours":112.42} []
[2025-02-24T15:58:06.255055+00:00] app.INFO: Kasutaja palga andmed arvutatud {"hourly_rate":"100.00","advance":"10.00"} []
[2025-02-24T15:58:06.255327+00:00] app.INFO: Kuu eesmärk arvutatud {"monthly_target":160,"progress":70.0} []
[2025-02-24T15:58:06.832161+00:00] app.INFO: Logger initsialiseeritud. [] []
[2025-02-24T15:58:06.832764+00:00] app.INFO: dashboard.php avatud {"user_id":6} []
[2025-02-24T15:58:06.834294+00:00] app.INFO: Aktiivne töölog leitud {"log_id":63} []
[2025-02-24T15:58:06.834964+00:00] app.INFO: Kuu tunnid arvutatud {"total_hours":112.42} []
[2025-02-24T15:58:06.835485+00:00] app.INFO: Kasutaja palga andmed arvutatud {"hourly_rate":"100.00","advance":"10.00"} []
[2025-02-24T15:58:06.835800+00:00] app.INFO: Kuu eesmärk arvutatud {"monthly_target":160,"progress":70.0} []
[2025-02-24T15:58:07.023032+00:00] app.INFO: Logger initsialiseeritud. [] []
[2025-02-24T15:58:07.023447+00:00] app.INFO: dashboard.php avatud {"user_id":6} []
[2025-02-24T15:58:07.024922+00:00] app.INFO: Aktiivne töölog leitud {"log_id":63} []
[2025-02-24T15:58:07.025588+00:00] app.INFO: Kuu tunnid arvutatud {"total_hours":112.42} []
[2025-02-24T15:58:07.026100+00:00] app.INFO: Kasutaja palga andmed arvutatud {"hourly_rate":"100.00","advance":"10.00"} []
[2025-02-24T15:58:07.026421+00:00] app.INFO: Kuu eesmärk arvutatud {"monthly_target":160,"progress":70.0} []
[2025-02-24T15:58:07.189156+00:00] app.INFO: Logger initsialiseeritud. [] []
[2025-02-24T15:58:07.189581+00:00] app.INFO: dashboard.php avatud {"user_id":6} []
[2025-02-24T15:58:07.191061+00:00] app.INFO: Aktiivne töölog leitud {"log_id":63} []
[2025-02-24T15:58:07.191721+00:00] app.INFO: Kuu tunnid arvutatud {"total_hours":112.42} []
[2025-02-24T15:58:07.192191+00:00] app.INFO: Kasutaja palga andmed arvutatud {"hourly_rate":"100.00","advance":"10.00"} []
[2025-02-24T15:58:07.192595+00:00] app.INFO: Kuu eesmärk arvutatud {"monthly_target":160,"progress":70.0} []
[2025-02-24T15:58:07.413647+00:00] app.INFO: Logger initsialiseeritud. [] []
[2025-02-24T15:58:07.414073+00:00] app.INFO: dashboard.php avatud {"user_id":6} []
[2025-02-24T15:58:07.415541+00:00] app.INFO: Aktiivne töölog leitud {"log_id":63} []
[2025-02-24T15:58:07.416202+00:00] app.INFO: Kuu tunnid arvutatud {"total_hours":112.42} []
[2025-02-24T15:58:07.416774+00:00] app.INFO: Kasutaja palga andmed arvutatud {"hourly_rate":"100.00","advance":"10.00"} []
[2025-02-24T15:58:07.417103+00:00] app.INFO: Kuu eesmärk arvutatud {"monthly_target":160,"progress":70.0} []
[2025-02-24T15:58:07.552521+00:00] app.INFO: Logger initsialiseeritud. [] []
[2025-02-24T15:58:07.552914+00:00] app.INFO: dashboard.php avatud {"user_id":6} []
[2025-02-24T15:58:07.554347+00:00] app.INFO: Aktiivne töölog leitud {"log_id":63} []
[2025-02-24T15:58:07.554993+00:00] app.INFO: Kuu tunnid arvutatud {"total_hours":112.42} []
[2025-02-24T15:58:07.555484+00:00] app.INFO: Kasutaja palga andmed arvutatud {"hourly_rate":"100.00","advance":"10.00"} []
[2025-02-24T15:58:07.555762+00:00] app.INFO: Kuu eesmärk arvutatud {"monthly_target":160,"progress":70.0} []
[2025-02-24T15:58:07.747907+00:00] app.INFO: Logger initsialiseeritud. [] []
[2025-02-24T15:58:07.748340+00:00] app.INFO: dashboard.php avatud {"user_id":6} []
[2025-02-24T15:58:07.749756+00:00] app.INFO: Aktiivne töölog leitud {"log_id":63} []
[2025-02-24T15:58:07.750412+00:00] app.INFO: Kuu tunnid arvutatud {"total_hours":112.42} []
[2025-02-24T15:58:07.750867+00:00] app.INFO: Kasutaja palga andmed arvutatud {"hourly_rate":"100.00","advance":"10.00"} []
[2025-02-24T15:58:07.751179+00:00] app.INFO: Kuu eesmärk arvutatud {"monthly_target":160,"progress":70.0} []
[2025-02-24T15:58:07.927493+00:00] app.INFO: Logger initsialiseeritud. [] []
[2025-02-24T15:58:07.927905+00:00] app.INFO: dashboard.php avatud {"user_id":6} []
[2025-02-24T15:58:07.929394+00:00] app.INFO: Aktiivne töölog leitud {"log_id":63} []
[2025-02-24T15:58:07.930055+00:00] app.INFO: Kuu tunnid arvutatud {"total_hours":112.42} []
[2025-02-24T15:58:07.930590+00:00] app.INFO: Kasutaja palga andmed arvutatud {"hourly_rate":"100.00","advance":"10.00"} []
[2025-02-24T15:58:07.930918+00:00] app.INFO: Kuu eesmärk arvutatud {"monthly_target":160,"progress":70.0} []
[2025-02-24T15:58:08.115988+00:00] app.INFO: Logger initsialiseeritud. [] []
[2025-02-24T15:58:08.116424+00:00] app.INFO: dashboard.php avatud {"user_id":6} []
[2025-02-24T15:58:08.117920+00:00] app.INFO: Aktiivne töölog leitud {"log_id":63} []
[2025-02-24T15:58:08.118595+00:00] app.INFO: Kuu tunnid arvutatud {"total_hours":112.42} []
[2025-02-24T15:58:08.119122+00:00] app.INFO: Kasutaja palga andmed arvutatud {"hourly_rate":"100.00","advance":"10.00"} []
[2025-02-24T15:58:08.120218+00:00] app.INFO: Kuu eesmärk arvutatud {"monthly_target":160,"progress":70.0} []
[2025-02-24T15:58:08.279653+00:00] app.INFO: Logger initsialiseeritud. [] []
[2025-02-24T15:58:08.280077+00:00] app.INFO: dashboard.php avatud {"user_id":6} []
[2025-02-24T15:58:08.285852+00:00] app.INFO: Aktiivne töölog leitud {"log_id":63} []
[2025-02-24T15:58:08.286566+00:00] app.INFO: Kuu tunnid arvutatud {"total_hours":112.42} []
[2025-02-24T15:58:08.287092+00:00] app.INFO: Kasutaja palga andmed arvutatud {"hourly_rate":"100.00","advance":"10.00"} []
[2025-02-24T15:58:08.287438+00:00] app.INFO: Kuu eesmärk arvutatud {"monthly_target":160,"progress":70.0} []
[2025-02-24T15:58:08.447087+00:00] app.INFO: Logger initsialiseeritud. [] []
[2025-02-24T15:58:08.447516+00:00] app.INFO: dashboard.php avatud {"user_id":6} []
[2025-02-24T15:58:08.449099+00:00] app.INFO: Aktiivne töölog leitud {"log_id":63} []
[2025-02-24T15:58:08.449776+00:00] app.INFO: Kuu tunnid arvutatud {"total_hours":112.42} []
[2025-02-24T15:58:08.450258+00:00] app.INFO: Kasutaja palga andmed arvutatud {"hourly_rate":"100.00","advance":"10.00"} []
[2025-02-24T15:58:08.450563+00:00] app.INFO: Kuu eesmärk arvutatud {"monthly_target":160,"progress":70.0} []
[2025-02-24T15:58:41.623941+00:00] app.INFO: Logger initsialiseeritud. [] []
[2025-02-24T15:58:41.624657+00:00] app.INFO: dashboard.php avatud {"user_id":6} []
[2025-02-24T15:58:41.626172+00:00] app.INFO: Aktiivne töölog leitud {"log_id":63} []
[2025-02-24T15:58:41.626949+00:00] app.INFO: Kuu tunnid arvutatud {"total_hours":112.42} []
[2025-02-24T15:58:41.627509+00:00] app.INFO: Kasutaja palga andmed arvutatud {"hourly_rate":"100.00","advance":"10.00"} []
[2025-02-24T15:58:41.627805+00:00] app.INFO: Kuu eesmärk arvutatud {"monthly_target":160,"progress":70.0} []
[2025-02-24T15:58:50.936644+00:00] app.INFO: Logger initsialiseeritud. [] []
[2025-02-24T15:58:50.936860+00:00] app.INFO: dashboard.php avatud {"user_id":6} []
[2025-02-24T15:58:50.938263+00:00] app.INFO: Aktiivne töölog leitud {"log_id":63} []
[2025-02-24T15:58:50.938729+00:00] app.INFO: Kuu tunnid arvutatud {"total_hours":112.42} []
[2025-02-24T15:58:50.939211+00:00] app.INFO: Kasutaja palga andmed arvutatud {"hourly_rate":"100.00","advance":"10.00"} []
[2025-02-24T15:58:50.939336+00:00] app.INFO: Kuu eesmärk arvutatud {"monthly_target":160,"progress":70.0} []
[2025-02-24T15:59:43.229445+00:00] app.INFO: Logger initsialiseeritud. [] []
[2025-02-24T15:59:43.229651+00:00] app.INFO: dashboard.php avatud {"user_id":6} []
[2025-02-24T15:59:43.231323+00:00] app.INFO: Aktiivset töölogi ei leitud {"user_id":6} []
[2025-02-24T15:59:43.232722+00:00] app.INFO: Viimane lõpetatud töölog leitud {"log_id":63} []
[2025-02-24T15:59:43.233352+00:00] app.INFO: Kuu tunnid arvutatud {"total_hours":112.67} []
[2025-02-24T15:59:43.233883+00:00] app.INFO: Kasutaja palga andmed arvutatud {"hourly_rate":"100.00","advance":"10.00"} []
[2025-02-24T15:59:43.234193+00:00] app.INFO: Kuu eesmärk arvutatud {"monthly_target":160,"progress":70.0} []
[2025-02-24T16:01:41.612468+00:00] app.INFO: Logger initsialiseeritud. [] []
[2025-02-24T16:01:41.612666+00:00] app.INFO: dashboard.php avatud {"user_id":6} []
[2025-02-24T16:01:41.614368+00:00] app.INFO: Aktiivset töölogi ei leitud {"user_id":6} []
[2025-02-24T16:01:41.615718+00:00] app.INFO: Viimane lõpetatud töölog leitud {"log_id":63} []
[2025-02-24T16:01:41.616495+00:00] app.INFO: Kuu tunnid arvutatud {"total_hours":112.67} []
[2025-02-24T16:01:41.617084+00:00] app.INFO: Kasutaja palga andmed arvutatud {"hourly_rate":"100.00","advance":"10.00"} []
[2025-02-24T16:01:41.617398+00:00] app.INFO: Kuu eesmärk arvutatud {"monthly_target":160,"progress":70.0} []
[2025-02-24T16:01:45.875802+00:00] app.INFO: Logger initsialiseeritud. [] []
[2025-02-24T16:01:45.875968+00:00] app.INFO: dashboard.php avatud {"user_id":6} []
[2025-02-24T16:01:45.877175+00:00] app.INFO: Aktiivset töölogi ei leitud {"user_id":6} []
[2025-02-24T16:01:45.878042+00:00] app.INFO: Viimane lõpetatud töölog leitud {"log_id":63} []
[2025-02-24T16:01:45.878407+00:00] app.INFO: Kuu tunnid arvutatud {"total_hours":112.67} []
[2025-02-24T16:01:45.878641+00:00] app.INFO: Kasutaja palga andmed arvutatud {"hourly_rate":"100.00","advance":"10.00"} []
[2025-02-24T16:01:45.878748+00:00] app.INFO: Kuu eesmärk arvutatud {"monthly_target":160,"progress":70.0} []
[2025-02-24T16:01:51.450159+00:00] app.INFO: Logger initsialiseeritud. [] []
[2025-02-24T16:01:51.450341+00:00] app.INFO: dashboard.php avatud {"user_id":6} []
[2025-02-24T16:01:51.451605+00:00] app.INFO: Aktiivset töölogi ei leitud {"user_id":6} []
[2025-02-24T16:01:51.453131+00:00] app.INFO: Viimane lõpetatud töölog leitud {"log_id":63} []
[2025-02-24T16:01:51.453634+00:00] app.INFO: Kuu tunnid arvutatud {"total_hours":112.67} []
[2025-02-24T16:01:51.454198+00:00] app.INFO: Kasutaja palga andmed arvutatud {"hourly_rate":"100.00","advance":"10.00"} []
[2025-02-24T16:01:51.454477+00:00] app.INFO: Kuu eesmärk arvutatud {"monthly_target":160,"progress":70.0} []
[2025-02-24T16:02:12.970469+00:00] app.INFO: Logger initsialiseeritud. [] []
[2025-02-24T16:02:12.970659+00:00] app.INFO: dashboard.php avatud {"user_id":6} []
[2025-02-24T16:02:12.972391+00:00] app.INFO: Aktiivset töölogi ei leitud {"user_id":6} []
[2025-02-24T16:02:12.973636+00:00] app.INFO: Viimane lõpetatud töölog leitud {"log_id":63} []
[2025-02-24T16:02:12.974295+00:00] app.INFO: Kuu tunnid arvutatud {"total_hours":112.67} []
[2025-02-24T16:02:12.974825+00:00] app.INFO: Kasutaja palga andmed arvutatud {"hourly_rate":"100.00","advance":"10.00"} []
[2025-02-24T16:02:12.975160+00:00] app.INFO: Kuu eesmärk arvutatud {"monthly_target":160,"progress":70.0} []
[2025-02-24T16:02:16.756649+00:00] app.INFO: Logger initsialiseeritud. [] []
[2025-02-24T16:02:16.757215+00:00] app.INFO: dashboard.php avatud {"user_id":6} []
[2025-02-24T16:02:16.758691+00:00] app.INFO: Aktiivne töölog leitud {"log_id":64} []
[2025-02-24T16:02:16.759421+00:00] app.INFO: Kuu tunnid arvutatud {"total_hours":112.67} []
[2025-02-24T16:02:16.760023+00:00] app.INFO: Kasutaja palga andmed arvutatud {"hourly_rate":"100.00","advance":"10.00"} []
[2025-02-24T16:02:16.760622+00:00] app.INFO: Kuu eesmärk arvutatud {"monthly_target":160,"progress":70.0} []
[2025-02-24T16:04:48.381539+00:00] app.INFO: Logger initsialiseeritud. [] []
[2025-02-24T16:04:48.383999+00:00] app.INFO: dashboard.php avatud {"user_id":6} []
[2025-02-24T16:04:48.386063+00:00] app.INFO: Aktiivne töölog leitud {"log_id":64} []
[2025-02-24T16:04:48.386851+00:00] app.INFO: Kuu tunnid arvutatud {"total_hours":112.67} []
[2025-02-24T16:04:48.387352+00:00] app.INFO: Kasutaja palga andmed arvutatud {"hourly_rate":"100.00","advance":"10.00"} []
[2025-02-24T16:04:48.387691+00:00] app.INFO: Kuu eesmärk arvutatud {"monthly_target":160,"progress":70.0} []
[2025-02-24T16:05:01.559610+00:00] app.INFO: Logger initsialiseeritud. [] []
[2025-02-24T16:05:01.560240+00:00] app.INFO: dashboard.php avatud {"user_id":6} []
[2025-02-24T16:05:01.561989+00:00] app.INFO: Aktiivne töölog leitud {"log_id":64} []
[2025-02-24T16:05:01.562696+00:00] app.INFO: Kuu tunnid arvutatud {"total_hours":112.67} []
[2025-02-24T16:05:01.563246+00:00] app.INFO: Kasutaja palga andmed arvutatud {"hourly_rate":"100.00","advance":"10.00"} []
[2025-02-24T16:05:01.563592+00:00] app.INFO: Kuu eesmärk arvutatud {"monthly_target":160,"progress":70.0} []
[2025-02-24T16:05:09.586171+00:00] app.INFO: Logger initsialiseeritud. [] []
[2025-02-24T16:05:09.587076+00:00] app.INFO: dashboard.php avatud {"user_id":6} []
[2025-02-24T16:05:09.588828+00:00] app.INFO: Aktiivne töölog leitud {"log_id":64} []
[2025-02-24T16:05:09.589579+00:00] app.INFO: Kuu tunnid arvutatud {"total_hours":112.67} []
[2025-02-24T16:05:09.590177+00:00] app.INFO: Kasutaja palga andmed arvutatud {"hourly_rate":"100.00","advance":"10.00"} []
[2025-02-24T16:05:09.590486+00:00] app.INFO: Kuu eesmärk arvutatud {"monthly_target":160,"progress":70.0} []
[2025-02-24T16:12:51.174785+00:00] app.INFO: Logger initsialiseeritud. [] []
[2025-02-24T16:12:51.175009+00:00] app.INFO: dashboard.php avatud {"user_id":6} []
[2025-02-24T16:12:51.177688+00:00] app.INFO: Aktiivne töölog leitud {"log_id":64} []
[2025-02-24T16:12:51.178545+00:00] app.INFO: Kuu tunnid arvutatud {"total_hours":112.67} []
[2025-02-24T16:12:51.179114+00:00] app.INFO: Kasutaja palga andmed arvutatud {"hourly_rate":"100.00","advance":"10.00"} []
[2025-02-24T16:12:51.179523+00:00] app.INFO: Kuu eesmärk arvutatud {"monthly_target":160,"progress":70.0} []
[2025-02-24T16:13:04.337465+00:00] app.INFO: Logger initsialiseeritud. [] []
[2025-02-24T16:13:04.338188+00:00] app.INFO: dashboard.php avatud {"user_id":6} []
[2025-02-24T16:13:04.339717+00:00] app.INFO: Aktiivne töölog leitud {"log_id":64} []
[2025-02-24T16:13:04.340430+00:00] app.INFO: Kuu tunnid arvutatud {"total_hours":112.67} []
[2025-02-24T16:13:04.340933+00:00] app.INFO: Kasutaja palga andmed arvutatud {"hourly_rate":"100.00","advance":"10.00"} []
[2025-02-24T16:13:04.341229+00:00] app.INFO: Kuu eesmärk arvutatud {"monthly_target":160,"progress":70.0} []
[2025-02-24T16:13:09.349027+00:00] app.INFO: Logger initsialiseeritud. [] []
[2025-02-24T16:13:09.349611+00:00] app.INFO: dashboard.php avatud {"user_id":6} []
[2025-02-24T16:13:09.351415+00:00] app.INFO: Aktiivset töölogi ei leitud {"user_id":6} []
[2025-02-24T16:13:09.352757+00:00] app.INFO: Viimane lõpetatud töölog leitud {"log_id":64} []
[2025-02-24T16:13:09.353451+00:00] app.INFO: Kuu tunnid arvutatud {"total_hours":112.85} []
[2025-02-24T16:13:09.354057+00:00] app.INFO: Kasutaja palga andmed arvutatud {"hourly_rate":"100.00","advance":"10.00"} []
[2025-02-24T16:13:09.354369+00:00] app.INFO: Kuu eesmärk arvutatud {"monthly_target":160,"progress":71.0} []
[2025-02-24T16:14:56.979532+00:00] app.INFO: Logger initsialiseeritud. [] []
[2025-02-24T16:14:56.979712+00:00] app.INFO: dashboard.php avatud {"user_id":6} []
[2025-02-24T16:14:56.981541+00:00] app.INFO: Aktiivne töölog leitud {"log_id":65} []
[2025-02-24T16:14:56.982229+00:00] app.INFO: Kuu tunnid arvutatud {"total_hours":112.85} []
[2025-02-24T16:14:56.982765+00:00] app.INFO: Kasutaja palga andmed arvutatud {"hourly_rate":"100.00","advance":"10.00"} []
[2025-02-24T16:14:56.983104+00:00] app.INFO: Kuu eesmärk arvutatud {"monthly_target":160,"progress":71.0} []
[2025-02-24T16:15:01.383723+00:00] app.INFO: Logger initsialiseeritud. [] []
[2025-02-24T16:15:01.384578+00:00] app.INFO: dashboard.php avatud {"user_id":6} []
[2025-02-24T16:15:01.386438+00:00] app.INFO: Aktiivne töölog leitud {"log_id":65} []
[2025-02-24T16:15:01.387217+00:00] app.INFO: Kuu tunnid arvutatud {"total_hours":112.85} []
[2025-02-24T16:15:01.387787+00:00] app.INFO: Kasutaja palga andmed arvutatud {"hourly_rate":"100.00","advance":"10.00"} []
[2025-02-24T16:15:01.388160+00:00] app.INFO: Kuu eesmärk arvutatud {"monthly_target":160,"progress":71.0} []
[2025-02-24T16:17:21.564922+00:00] app.INFO: Logger initsialiseeritud. [] []
[2025-02-24T16:17:21.565169+00:00] app.INFO: dashboard.php avatud {"user_id":6} []
[2025-02-24T16:17:21.567011+00:00] app.INFO: Aktiivset töölogi ei leitud {"user_id":6} []
[2025-02-24T16:17:21.568480+00:00] app.INFO: Viimane lõpetatud töölog leitud {"log_id":65} []
[2025-02-24T16:17:21.569253+00:00] app.INFO: Kuu tunnid arvutatud {"total_hours":112.89} []
[2025-02-24T16:17:21.569798+00:00] app.INFO: Kasutaja palga andmed arvutatud {"hourly_rate":"100.00","advance":"10.00"} []
[2025-02-24T16:17:21.570161+00:00] app.INFO: Kuu eesmärk arvutatud {"monthly_target":160,"progress":71.0} []
[2025-02-24T16:21:34.833609+00:00] app.INFO: Logger initsialiseeritud. [] []
[2025-02-24T16:21:34.833844+00:00] app.INFO: dashboard.php avatud {"user_id":6} []
[2025-02-24T16:21:34.835615+00:00] app.INFO: Aktiivne töölog leitud {"log_id":66} []
[2025-02-24T16:21:34.836403+00:00] app.INFO: Kuu tunnid arvutatud {"total_hours":112.89} []
[2025-02-24T16:21:34.837059+00:00] app.INFO: Kasutaja palga andmed arvutatud {"hourly_rate":"100.00","advance":"10.00"} []
[2025-02-24T16:21:34.837427+00:00] app.INFO: Kuu eesmärk arvutatud {"monthly_target":160,"progress":71.0} []
[2025-02-24T16:21:48.198687+00:00] app.INFO: Logger initsialiseeritud. [] []
[2025-02-24T16:21:48.198887+00:00] app.INFO: dashboard.php avatud {"user_id":6} []
[2025-02-24T16:21:48.200138+00:00] app.INFO: Aktiivne töölog leitud {"log_id":66} []
[2025-02-24T16:21:48.201200+00:00] app.INFO: Kuu tunnid arvutatud {"total_hours":112.89} []
[2025-02-24T16:21:48.201485+00:00] app.INFO: Kasutaja palga andmed arvutatud {"hourly_rate":"100.00","advance":"10.00"} []
[2025-02-24T16:21:48.201580+00:00] app.INFO: Kuu eesmärk arvutatud {"monthly_target":160,"progress":71.0} []
[2025-02-24T16:21:50.156172+00:00] app.INFO: Logger initsialiseeritud. [] []
[2025-02-24T16:21:50.156344+00:00] app.INFO: dashboard.php avatud {"user_id":6} []
[2025-02-24T16:21:50.157575+00:00] app.INFO: Aktiivne töölog leitud {"log_id":66} []
[2025-02-24T16:21:50.157951+00:00] app.INFO: Kuu tunnid arvutatud {"total_hours":112.89} []
[2025-02-24T16:21:50.158196+00:00] app.INFO: Kasutaja palga andmed arvutatud {"hourly_rate":"100.00","advance":"10.00"} []
[2025-02-24T16:21:50.158288+00:00] app.INFO: Kuu eesmärk arvutatud {"monthly_target":160,"progress":71.0} []
[2025-02-24T16:21:52.806195+00:00] app.INFO: Logger initsialiseeritud. [] []
[2025-02-24T16:21:52.806357+00:00] app.INFO: dashboard.php avatud {"user_id":6} []
[2025-02-24T16:21:52.807576+00:00] app.INFO: Aktiivne töölog leitud {"log_id":66} []
[2025-02-24T16:21:52.807969+00:00] app.INFO: Kuu tunnid arvutatud {"total_hours":112.89} []
[2025-02-24T16:21:52.808201+00:00] app.INFO: Kasutaja palga andmed arvutatud {"hourly_rate":"100.00","advance":"10.00"} []
[2025-02-24T16:21:52.808292+00:00] app.INFO: Kuu eesmärk arvutatud {"monthly_target":160,"progress":71.0} []
[2025-02-24T16:21:53.853534+00:00] app.INFO: Logger initsialiseeritud. [] []
[2025-02-24T16:21:53.853865+00:00] app.INFO: dashboard.php avatud {"user_id":6} []
[2025-02-24T16:21:53.855536+00:00] app.INFO: Aktiivne töölog leitud {"log_id":66} []
[2025-02-24T16:21:53.856264+00:00] app.INFO: Kuu tunnid arvutatud {"total_hours":112.89} []
[2025-02-24T16:21:53.856761+00:00] app.INFO: Kasutaja palga andmed arvutatud {"hourly_rate":"100.00","advance":"10.00"} []
[2025-02-24T16:21:53.857057+00:00] app.INFO: Kuu eesmärk arvutatud {"monthly_target":160,"progress":71.0} []
[2025-02-24T16:21:56.106687+00:00] app.INFO: Logger initsialiseeritud. [] []
[2025-02-24T16:21:56.106870+00:00] app.INFO: dashboard.php avatud {"user_id":6} []
[2025-02-24T16:21:56.108093+00:00] app.INFO: Aktiivne töölog leitud {"log_id":66} []
[2025-02-24T16:21:56.108494+00:00] app.INFO: Kuu tunnid arvutatud {"total_hours":112.89} []
[2025-02-24T16:21:56.108742+00:00] app.INFO: Kasutaja palga andmed arvutatud {"hourly_rate":"100.00","advance":"10.00"} []
[2025-02-24T16:21:56.108833+00:00] app.INFO: Kuu eesmärk arvutatud {"monthly_target":160,"progress":71.0} []
[2025-02-24T16:21:57.240397+00:00] app.INFO: Logger initsialiseeritud. [] []
[2025-02-24T16:21:57.240546+00:00] app.INFO: dashboard.php avatud {"user_id":6} []
[2025-02-24T16:21:57.241757+00:00] app.INFO: Aktiivne töölog leitud {"log_id":66} []
[2025-02-24T16:21:57.242115+00:00] app.INFO: Kuu tunnid arvutatud {"total_hours":112.89} []
[2025-02-24T16:21:57.242963+00:00] app.INFO: Kasutaja palga andmed arvutatud {"hourly_rate":"100.00","advance":"10.00"} []
[2025-02-24T16:21:57.243080+00:00] app.INFO: Kuu eesmärk arvutatud {"monthly_target":160,"progress":71.0} []
[2025-02-24T16:21:58.140800+00:00] app.INFO: Logger initsialiseeritud. [] []
[2025-02-24T16:21:58.140947+00:00] app.INFO: dashboard.php avatud {"user_id":6} []
[2025-02-24T16:21:58.142669+00:00] app.INFO: Aktiivne töölog leitud {"log_id":66} []
[2025-02-24T16:21:58.143387+00:00] app.INFO: Kuu tunnid arvutatud {"total_hours":112.89} []
[2025-02-24T16:21:58.143872+00:00] app.INFO: Kasutaja palga andmed arvutatud {"hourly_rate":"100.00","advance":"10.00"} []
[2025-02-24T16:21:58.144121+00:00] app.INFO: Kuu eesmärk arvutatud {"monthly_target":160,"progress":71.0} []
[2025-02-24T16:22:11.830750+00:00] app.INFO: Logger initsialiseeritud. [] []
[2025-02-24T16:22:11.830962+00:00] app.INFO: dashboard.php avatud {"user_id":6} []
[2025-02-24T16:22:11.832257+00:00] app.INFO: Aktiivne töölog leitud {"log_id":66} []
[2025-02-24T16:22:11.833562+00:00] app.INFO: Kuu tunnid arvutatud {"total_hours":112.89} []
[2025-02-24T16:22:11.834130+00:00] app.INFO: Kasutaja palga andmed arvutatud {"hourly_rate":"100.00","advance":"10.00"} []
[2025-02-24T16:22:11.834419+00:00] app.INFO: Kuu eesmärk arvutatud {"monthly_target":160,"progress":71.0} []
[2025-02-24T16:23:09.866923+00:00] app.INFO: Logger initsialiseeritud. [] []
[2025-02-24T16:23:09.867110+00:00] app.INFO: dashboard.php avatud {"user_id":6} []
[2025-02-24T16:23:09.868899+00:00] app.INFO: Aktiivne töölog leitud {"log_id":66} []
[2025-02-24T16:23:09.869623+00:00] app.INFO: Kuu tunnid arvutatud {"total_hours":112.89} []
[2025-02-24T16:23:09.870174+00:00] app.INFO: Kasutaja palga andmed arvutatud {"hourly_rate":"100.00","advance":"10.00"} []
[2025-02-24T16:23:09.870499+00:00] app.INFO: Kuu eesmärk arvutatud {"monthly_target":160,"progress":71.0} []
[2025-02-24T16:23:21.858034+00:00] app.INFO: Logger initsialiseeritud. [] []
[2025-02-24T16:23:21.858222+00:00] app.INFO: dashboard.php avatud {"user_id":6} []
[2025-02-24T16:23:21.859476+00:00] app.INFO: Aktiivne töölog leitud {"log_id":66} []
[2025-02-24T16:23:21.860507+00:00] app.INFO: Kuu tunnid arvutatud {"total_hours":112.89} []
[2025-02-24T16:23:21.861070+00:00] app.INFO: Kasutaja palga andmed arvutatud {"hourly_rate":"100.00","advance":"10.00"} []
[2025-02-24T16:23:21.861181+00:00] app.INFO: Kuu eesmärk arvutatud {"monthly_target":160,"progress":71.0} []
[2025-02-24T16:23:25.651810+00:00] app.INFO: Logger initsialiseeritud. [] []
[2025-02-24T16:23:25.651971+00:00] app.INFO: dashboard.php avatud {"user_id":6} []
[2025-02-24T16:23:25.653221+00:00] app.INFO: Aktiivne töölog leitud {"log_id":66} []
[2025-02-24T16:23:25.653629+00:00] app.INFO: Kuu tunnid arvutatud {"total_hours":112.89} []
[2025-02-24T16:23:25.653890+00:00] app.INFO: Kasutaja palga andmed arvutatud {"hourly_rate":"100.00","advance":"10.00"} []
[2025-02-24T16:23:25.653991+00:00] app.INFO: Kuu eesmärk arvutatud {"monthly_target":160,"progress":71.0} []
[2025-02-24T16:23:32.886010+00:00] app.INFO: Logger initsialiseeritud. [] []
[2025-02-24T16:23:32.886172+00:00] app.INFO: dashboard.php avatud {"user_id":6} []
[2025-02-24T16:23:32.887401+00:00] app.INFO: Aktiivne töölog leitud {"log_id":66} []
[2025-02-24T16:23:32.887758+00:00] app.INFO: Kuu tunnid arvutatud {"total_hours":112.89} []
[2025-02-24T16:23:32.887989+00:00] app.INFO: Kasutaja palga andmed arvutatud {"hourly_rate":"100.00","advance":"10.00"} []
[2025-02-24T16:23:32.888079+00:00] app.INFO: Kuu eesmärk arvutatud {"monthly_target":160,"progress":71.0} []
[2025-02-24T16:23:34.266419+00:00] app.INFO: Logger initsialiseeritud. [] []
[2025-02-24T16:23:34.267014+00:00] app.INFO: dashboard.php avatud {"user_id":6} []
[2025-02-24T16:23:34.268488+00:00] app.INFO: Aktiivne töölog leitud {"log_id":66} []
[2025-02-24T16:23:34.269200+00:00] app.INFO: Kuu tunnid arvutatud {"total_hours":112.89} []
[2025-02-24T16:23:34.269790+00:00] app.INFO: Kasutaja palga andmed arvutatud {"hourly_rate":"100.00","advance":"10.00"} []
[2025-02-24T16:23:34.270101+00:00] app.INFO: Kuu eesmärk arvutatud {"monthly_target":160,"progress":71.0} []
[2025-02-24T16:23:37.972284+00:00] app.INFO: Logger initsialiseeritud. [] []
[2025-02-24T16:23:37.972808+00:00] app.INFO: dashboard.php avatud {"user_id":6} []
[2025-02-24T16:23:37.982840+00:00] app.INFO: Aktiivne töölog leitud {"log_id":66} []
[2025-02-24T16:23:37.983307+00:00] app.INFO: Kuu tunnid arvutatud {"total_hours":112.89} []
[2025-02-24T16:23:37.983550+00:00] app.INFO: Kasutaja palga andmed arvutatud {"hourly_rate":"100.00","advance":"10.00"} []
[2025-02-24T16:23:37.983640+00:00] app.INFO: Kuu eesmärk arvutatud {"monthly_target":160,"progress":71.0} []
[2025-02-24T16:23:39.210427+00:00] app.INFO: Logger initsialiseeritud. [] []
[2025-02-24T16:23:39.210578+00:00] app.INFO: dashboard.php avatud {"user_id":6} []
[2025-02-24T16:23:39.211806+00:00] app.INFO: Aktiivne töölog leitud {"log_id":66} []
[2025-02-24T16:23:39.212776+00:00] app.INFO: Kuu tunnid arvutatud {"total_hours":112.89} []
[2025-02-24T16:23:39.213093+00:00] app.INFO: Kasutaja palga andmed arvutatud {"hourly_rate":"100.00","advance":"10.00"} []
[2025-02-24T16:23:39.213191+00:00] app.INFO: Kuu eesmärk arvutatud {"monthly_target":160,"progress":71.0} []
[2025-02-24T16:23:42.147415+00:00] app.INFO: Logger initsialiseeritud. [] []
[2025-02-24T16:23:42.147577+00:00] app.INFO: dashboard.php avatud {"user_id":6} []
[2025-02-24T16:23:42.148826+00:00] app.INFO: Aktiivne töölog leitud {"log_id":66} []
[2025-02-24T16:23:42.149187+00:00] app.INFO: Kuu tunnid arvutatud {"total_hours":112.89} []
[2025-02-24T16:23:42.149441+00:00] app.INFO: Kasutaja palga andmed arvutatud {"hourly_rate":"100.00","advance":"10.00"} []
[2025-02-24T16:23:42.149532+00:00] app.INFO: Kuu eesmärk arvutatud {"monthly_target":160,"progress":71.0} []
[2025-02-24T16:23:54.327588+00:00] app.INFO: Logger initsialiseeritud. [] []
[2025-02-24T16:23:54.327768+00:00] app.INFO: dashboard.php avatud {"user_id":6} []
[2025-02-24T16:23:54.329506+00:00] app.INFO: Aktiivne töölog leitud {"log_id":66} []
[2025-02-24T16:23:54.330231+00:00] app.INFO: Kuu tunnid arvutatud {"total_hours":112.89} []
[2025-02-24T16:23:54.330684+00:00] app.INFO: Kasutaja palga andmed arvutatud {"hourly_rate":"100.00","advance":"10.00"} []
[2025-02-24T16:23:54.330915+00:00] app.INFO: Kuu eesmärk arvutatud {"monthly_target":160,"progress":71.0} []
[2025-02-24T16:24:44.666822+00:00] app.INFO: Logger initsialiseeritud. [] []
[2025-02-24T16:24:44.667018+00:00] app.INFO: dashboard.php avatud {"user_id":6} []
[2025-02-24T16:24:44.668238+00:00] app.INFO: Aktiivne töölog leitud {"log_id":66} []
[2025-02-24T16:24:44.668631+00:00] app.INFO: Kuu tunnid arvutatud {"total_hours":112.89} []
[2025-02-24T16:24:44.669341+00:00] app.INFO: Kasutaja palga andmed arvutatud {"hourly_rate":"100.00","advance":"10.00"} []
[2025-02-24T16:24:44.669453+00:00] app.INFO: Kuu eesmärk arvutatud {"monthly_target":160,"progress":71.0} []
[2025-02-24T16:25:08.840894+00:00] app.INFO: Logger initsialiseeritud. [] []
[2025-02-24T16:25:08.841057+00:00] app.INFO: dashboard.php avatud {"user_id":6} []
[2025-02-24T16:25:08.842313+00:00] app.INFO: Aktiivne töölog leitud {"log_id":66} []
[2025-02-24T16:25:08.843200+00:00] app.INFO: Kuu tunnid arvutatud {"total_hours":112.89} []
[2025-02-24T16:25:08.843786+00:00] app.INFO: Kasutaja palga andmed arvutatud {"hourly_rate":"100.00","advance":"10.00"} []
[2025-02-24T16:25:08.844099+00:00] app.INFO: Kuu eesmärk arvutatud {"monthly_target":160,"progress":71.0} []
[2025-02-24T16:25:11.805444+00:00] app.INFO: Logger initsialiseeritud. [] []
[2025-02-24T16:25:11.805624+00:00] app.INFO: dashboard.php avatud {"user_id":6} []
[2025-02-24T16:25:11.806825+00:00] app.INFO: Aktiivne töölog leitud {"log_id":66} []
[2025-02-24T16:25:11.807207+00:00] app.INFO: Kuu tunnid arvutatud {"total_hours":112.89} []
[2025-02-24T16:25:11.807439+00:00] app.INFO: Kasutaja palga andmed arvutatud {"hourly_rate":"100.00","advance":"10.00"} []
[2025-02-24T16:25:11.807530+00:00] app.INFO: Kuu eesmärk arvutatud {"monthly_target":160,"progress":71.0} []
[2025-02-24T16:25:42.023918+00:00] app.INFO: Logger initsialiseeritud. [] []
[2025-02-24T16:25:42.024107+00:00] app.INFO: dashboard.php avatud {"user_id":6} []
[2025-02-24T16:25:42.025912+00:00] app.INFO: Aktiivne töölog leitud {"log_id":66} []
[2025-02-24T16:25:42.026698+00:00] app.INFO: Kuu tunnid arvutatud {"total_hours":112.89} []
[2025-02-24T16:25:42.027261+00:00] app.INFO: Kasutaja palga andmed arvutatud {"hourly_rate":"100.00","advance":"10.00"} []
[2025-02-24T16:25:42.027567+00:00] app.INFO: Kuu eesmärk arvutatud {"monthly_target":160,"progress":71.0} []
[2025-02-24T16:25:49.523027+00:00] app.INFO: Logger initsialiseeritud. [] []
[2025-02-24T16:25:49.523233+00:00] app.INFO: dashboard.php avatud {"user_id":6} []
[2025-02-24T16:25:49.525168+00:00] app.INFO: Aktiivne töölog leitud {"log_id":66} []
[2025-02-24T16:25:49.526028+00:00] app.INFO: Kuu tunnid arvutatud {"total_hours":112.89} []
[2025-02-24T16:25:49.526812+00:00] app.INFO: Kasutaja palga andmed arvutatud {"hourly_rate":"100.00","advance":"10.00"} []
[2025-02-24T16:25:49.527198+00:00] app.INFO: Kuu eesmärk arvutatud {"monthly_target":160,"progress":71.0} []
[2025-02-24T16:25:57.543998+00:00] app.INFO: Logger initsialiseeritud. [] []
[2025-02-24T16:25:57.544165+00:00] app.INFO: dashboard.php avatud {"user_id":6} []
[2025-02-24T16:25:57.545554+00:00] app.INFO: Aktiivne töölog leitud {"log_id":66} []
[2025-02-24T16:25:57.546032+00:00] app.INFO: Kuu tunnid arvutatud {"total_hours":112.89} []
[2025-02-24T16:25:57.546274+00:00] app.INFO: Kasutaja palga andmed arvutatud {"hourly_rate":"100.00","advance":"10.00"} []
[2025-02-24T16:25:57.546412+00:00] app.INFO: Kuu eesmärk arvutatud {"monthly_target":160,"progress":71.0} []
[2025-02-24T16:26:27.838783+00:00] app.INFO: Logger initsialiseeritud. [] []
[2025-02-24T16:26:27.839168+00:00] app.INFO: dashboard.php avatud {"user_id":6} []
[2025-02-24T16:26:27.841010+00:00] app.INFO: Aktiivne töölog leitud {"log_id":66} []
[2025-02-24T16:26:27.841736+00:00] app.INFO: Kuu tunnid arvutatud {"total_hours":112.89} []
[2025-02-24T16:26:27.842216+00:00] app.INFO: Kasutaja palga andmed arvutatud {"hourly_rate":"100.00","advance":"10.00"} []
[2025-02-24T16:26:27.842532+00:00] app.INFO: Kuu eesmärk arvutatud {"monthly_target":160,"progress":71.0} []
[2025-02-24T16:26:42.030965+00:00] app.INFO: Logger initsialiseeritud. [] []
[2025-02-24T16:26:42.031131+00:00] app.INFO: dashboard.php avatud {"user_id":6} []
[2025-02-24T16:26:42.032393+00:00] app.INFO: Aktiivne töölog leitud {"log_id":66} []
[2025-02-24T16:26:42.032793+00:00] app.INFO: Kuu tunnid arvutatud {"total_hours":112.89} []
[2025-02-24T16:26:42.033045+00:00] app.INFO: Kasutaja palga andmed arvutatud {"hourly_rate":"100.00","advance":"10.00"} []
[2025-02-24T16:26:42.033145+00:00] app.INFO: Kuu eesmärk arvutatud {"monthly_target":160,"progress":71.0} []
[2025-02-24T16:29:24.258843+00:00] app.INFO: Logger initsialiseeritud. [] []
[2025-02-24T16:29:24.259843+00:00] app.INFO: dashboard.php avatud {"user_id":6} []
[2025-02-24T16:29:24.261444+00:00] app.INFO: Aktiivne töölog leitud {"log_id":66} []
[2025-02-24T16:29:24.262103+00:00] app.INFO: Kuu tunnid arvutatud {"total_hours":112.89} []
[2025-02-24T16:29:24.262524+00:00] app.INFO: Kasutaja palga andmed arvutatud {"hourly_rate":"100.00","advance":"10.00"} []
[2025-02-24T16:29:24.262699+00:00] app.INFO: Kuu eesmärk arvutatud {"monthly_target":160,"progress":71.0} []
[2025-02-24T16:29:27.654276+00:00] app.INFO: Logger initsialiseeritud. [] []
[2025-02-24T16:29:27.654435+00:00] app.INFO: dashboard.php avatud {"user_id":6} []
[2025-02-24T16:29:27.655652+00:00] app.INFO: Aktiivne töölog leitud {"log_id":66} []
[2025-02-24T16:29:27.656009+00:00] app.INFO: Kuu tunnid arvutatud {"total_hours":112.89} []
[2025-02-24T16:29:27.656256+00:00] app.INFO: Kasutaja palga andmed arvutatud {"hourly_rate":"100.00","advance":"10.00"} []
[2025-02-24T16:29:27.656384+00:00] app.INFO: Kuu eesmärk arvutatud {"monthly_target":160,"progress":71.0} []
[2025-02-24T16:29:57.934750+00:00] app.INFO: Logger initsialiseeritud. [] []
[2025-02-24T16:29:57.935174+00:00] app.INFO: dashboard.php avatud {"user_id":6} []
[2025-02-24T16:29:57.936482+00:00] app.INFO: Aktiivset töölogi ei leitud {"user_id":6} []
[2025-02-24T16:29:57.937498+00:00] app.INFO: Viimane lõpetatud töölog leitud {"log_id":66} []
[2025-02-24T16:29:57.937944+00:00] app.INFO: Kuu tunnid arvutatud {"total_hours":113.03} []
[2025-02-24T16:29:57.938267+00:00] app.INFO: Kasutaja palga andmed arvutatud {"hourly_rate":"100.00","advance":"10.00"} []
[2025-02-24T16:29:57.938422+00:00] app.INFO: Kuu eesmärk arvutatud {"monthly_target":160,"progress":71.0} []
[2025-02-24T16:29:59.707530+00:00] app.INFO: Logger initsialiseeritud. [] []
[2025-02-24T16:29:59.708839+00:00] app.INFO: dashboard.php avatud {"user_id":6} []
[2025-02-24T16:29:59.710457+00:00] app.INFO: Aktiivset töölogi ei leitud {"user_id":6} []
[2025-02-24T16:29:59.711448+00:00] app.INFO: Viimane lõpetatud töölog leitud {"log_id":66} []
[2025-02-24T16:29:59.712280+00:00] app.INFO: Kuu tunnid arvutatud {"total_hours":113.03} []
[2025-02-24T16:29:59.712717+00:00] app.INFO: Kasutaja palga andmed arvutatud {"hourly_rate":"100.00","advance":"10.00"} []
[2025-02-24T16:29:59.712875+00:00] app.INFO: Kuu eesmärk arvutatud {"monthly_target":160,"progress":71.0} []
[2025-02-24T16:30:09.189213+00:00] app.INFO: Logger initsialiseeritud. [] []
[2025-02-24T16:30:09.189399+00:00] app.INFO: dashboard.php avatud {"user_id":6} []
[2025-02-24T16:30:09.190566+00:00] app.INFO: Aktiivset töölogi ei leitud {"user_id":6} []
[2025-02-24T16:30:09.191419+00:00] app.INFO: Viimane lõpetatud töölog leitud {"log_id":66} []
[2025-02-24T16:30:09.191770+00:00] app.INFO: Kuu tunnid arvutatud {"total_hours":113.03} []
[2025-02-24T16:30:09.192006+00:00] app.INFO: Kasutaja palga andmed arvutatud {"hourly_rate":"100.00","advance":"10.00"} []
[2025-02-24T16:30:09.192119+00:00] app.INFO: Kuu eesmärk arvutatud {"monthly_target":160,"progress":71.0} []
[2025-02-24T16:31:12.578217+00:00] app.INFO: Logger initsialiseeritud. [] []
[2025-02-24T16:31:12.579170+00:00] app.INFO: dashboard.php avatud {"user_id":6} []
[2025-02-24T16:31:12.580467+00:00] app.INFO: Aktiivset töölogi ei leitud {"user_id":6} []
[2025-02-24T16:31:12.581415+00:00] app.INFO: Viimane lõpetatud töölog leitud {"log_id":66} []
[2025-02-24T16:31:12.581836+00:00] app.INFO: Kuu tunnid arvutatud {"total_hours":113.03} []
[2025-02-24T16:31:12.582163+00:00] app.INFO: Kasutaja palga andmed arvutatud {"hourly_rate":"100.00","advance":"10.00"} []
[2025-02-24T16:31:12.582319+00:00] app.INFO: Kuu eesmärk arvutatud {"monthly_target":160,"progress":71.0} []
[2025-02-24T16:31:17.980164+00:00] app.INFO: Logger initsialiseeritud. [] []
[2025-02-24T16:31:17.980607+00:00] app.INFO: dashboard.php avatud {"user_id":6} []
[2025-02-24T16:31:17.982431+00:00] app.INFO: Aktiivset töölogi ei leitud {"user_id":6} []
[2025-02-24T16:31:17.983591+00:00] app.INFO: Viimane lõpetatud töölog leitud {"log_id":66} []
[2025-02-24T16:31:17.984132+00:00] app.INFO: Kuu tunnid arvutatud {"total_hours":113.03} []
[2025-02-24T16:31:17.984476+00:00] app.INFO: Kasutaja palga andmed arvutatud {"hourly_rate":"100.00","advance":"10.00"} []
[2025-02-24T16:31:17.984632+00:00] app.INFO: Kuu eesmärk arvutatud {"monthly_target":160,"progress":71.0} []
[2025-02-24T16:31:33.208736+00:00] app.INFO: Logger initsialiseeritud. [] []
[2025-02-24T16:31:33.208921+00:00] app.INFO: dashboard.php avatud {"user_id":6} []
[2025-02-24T16:31:33.210388+00:00] app.INFO: Aktiivne töölog leitud {"log_id":67} []
[2025-02-24T16:31:33.210842+00:00] app.INFO: Kuu tunnid arvutatud {"total_hours":113.03} []
[2025-02-24T16:31:33.211147+00:00] app.INFO: Kasutaja palga andmed arvutatud {"hourly_rate":"100.00","advance":"10.00"} []
[2025-02-24T16:31:33.211289+00:00] app.INFO: Kuu eesmärk arvutatud {"monthly_target":160,"progress":71.0} []
[2025-02-24T16:31:43.890799+00:00] app.INFO: Logger initsialiseeritud. [] []
[2025-02-24T16:31:43.890984+00:00] app.INFO: dashboard.php avatud {"user_id":6} []
[2025-02-24T16:31:43.892659+00:00] app.INFO: Aktiivne töölog leitud {"log_id":67} []
[2025-02-24T16:31:43.893243+00:00] app.INFO: Kuu tunnid arvutatud {"total_hours":113.03} []
[2025-02-24T16:31:43.893593+00:00] app.INFO: Kasutaja palga andmed arvutatud {"hourly_rate":"100.00","advance":"10.00"} []
[2025-02-24T16:31:43.893737+00:00] app.INFO: Kuu eesmärk arvutatud {"monthly_target":160,"progress":71.0} []
[2025-02-24T16:31:52.115344+00:00] app.INFO: Logger initsialiseeritud. [] []
[2025-02-24T16:31:52.115510+00:00] app.INFO: dashboard.php avatud {"user_id":6} []
[2025-02-24T16:31:52.117151+00:00] app.INFO: Aktiivne töölog leitud {"log_id":67} []
[2025-02-24T16:31:52.117570+00:00] app.INFO: Kuu tunnid arvutatud {"total_hours":113.03} []
[2025-02-24T16:31:52.117919+00:00] app.INFO: Kasutaja palga andmed arvutatud {"hourly_rate":"100.00","advance":"10.00"} []
[2025-02-24T16:31:52.118085+00:00] app.INFO: Kuu eesmärk arvutatud {"monthly_target":160,"progress":71.0} []
[2025-02-24T16:31:53.639221+00:00] app.INFO: Logger initsialiseeritud. [] []
[2025-02-24T16:31:53.639593+00:00] app.INFO: dashboard.php avatud {"user_id":6} []
[2025-02-24T16:31:53.640911+00:00] app.INFO: Aktiivne töölog leitud {"log_id":67} []
[2025-02-24T16:31:53.641351+00:00] app.INFO: Kuu tunnid arvutatud {"total_hours":113.03} []
[2025-02-24T16:31:53.641636+00:00] app.INFO: Kasutaja palga andmed arvutatud {"hourly_rate":"100.00","advance":"10.00"} []
[2025-02-24T16:31:53.641776+00:00] app.INFO: Kuu eesmärk arvutatud {"monthly_target":160,"progress":71.0} []
[2025-02-24T16:31:54.752842+00:00] app.INFO: Logger initsialiseeritud. [] []
[2025-02-24T16:31:54.753003+00:00] app.INFO: dashboard.php avatud {"user_id":6} []
[2025-02-24T16:31:54.754448+00:00] app.INFO: Aktiivne töölog leitud {"log_id":67} []
[2025-02-24T16:31:54.754885+00:00] app.INFO: Kuu tunnid arvutatud {"total_hours":113.03} []
[2025-02-24T16:31:54.755200+00:00] app.INFO: Kasutaja palga andmed arvutatud {"hourly_rate":"100.00","advance":"10.00"} []
[2025-02-24T16:31:54.755340+00:00] app.INFO: Kuu eesmärk arvutatud {"monthly_target":160,"progress":71.0} []
[2025-02-24T16:31:55.955499+00:00] app.INFO: Logger initsialiseeritud. [] []
[2025-02-24T16:31:55.955879+00:00] app.INFO: dashboard.php avatud {"user_id":6} []
[2025-02-24T16:31:55.957198+00:00] app.INFO: Aktiivne töölog leitud {"log_id":67} []
[2025-02-24T16:31:55.957629+00:00] app.INFO: Kuu tunnid arvutatud {"total_hours":113.03} []
[2025-02-24T16:31:55.957928+00:00] app.INFO: Kasutaja palga andmed arvutatud {"hourly_rate":"100.00","advance":"10.00"} []
[2025-02-24T16:31:55.958069+00:00] app.INFO: Kuu eesmärk arvutatud {"monthly_target":160,"progress":71.0} []
[2025-02-24T16:31:57.789730+00:00] app.INFO: Logger initsialiseeritud. [] []
[2025-02-24T16:31:57.789874+00:00] app.INFO: dashboard.php avatud {"user_id":6} []
[2025-02-24T16:31:57.791453+00:00] app.INFO: Aktiivne töölog leitud {"log_id":67} []
[2025-02-24T16:31:57.791923+00:00] app.INFO: Kuu tunnid arvutatud {"total_hours":113.03} []
[2025-02-24T16:31:57.792222+00:00] app.INFO: Kasutaja palga andmed arvutatud {"hourly_rate":"100.00","advance":"10.00"} []
[2025-02-24T16:31:57.792394+00:00] app.INFO: Kuu eesmärk arvutatud {"monthly_target":160,"progress":71.0} []
[2025-02-24T16:31:58.885728+00:00] app.INFO: Logger initsialiseeritud. [] []
[2025-02-24T16:31:58.886155+00:00] app.INFO: dashboard.php avatud {"user_id":6} []
[2025-02-24T16:31:58.887543+00:00] app.INFO: Aktiivne töölog leitud {"log_id":67} []
[2025-02-24T16:31:58.888041+00:00] app.INFO: Kuu tunnid arvutatud {"total_hours":113.03} []
[2025-02-24T16:31:58.888401+00:00] app.INFO: Kasutaja palga andmed arvutatud {"hourly_rate":"100.00","advance":"10.00"} []
[2025-02-24T16:31:58.888557+00:00] app.INFO: Kuu eesmärk arvutatud {"monthly_target":160,"progress":71.0} []
[2025-02-24T16:32:00.572990+00:00] app.INFO: Logger initsialiseeritud. [] []
[2025-02-24T16:32:00.573151+00:00] app.INFO: dashboard.php avatud {"user_id":6} []
[2025-02-24T16:32:00.574511+00:00] app.INFO: Aktiivne töölog leitud {"log_id":67} []
[2025-02-24T16:32:00.574926+00:00] app.INFO: Kuu tunnid arvutatud {"total_hours":113.03} []
[2025-02-24T16:32:00.575453+00:00] app.INFO: Kasutaja palga andmed arvutatud {"hourly_rate":"100.00","advance":"10.00"} []
[2025-02-24T16:32:00.575563+00:00] app.INFO: Kuu eesmärk arvutatud {"monthly_target":160,"progress":71.0} []
[2025-02-24T16:32:06.587942+00:00] app.INFO: Logger initsialiseeritud. [] []
[2025-02-24T16:32:06.588097+00:00] app.INFO: dashboard.php avatud {"user_id":6} []
[2025-02-24T16:32:06.589341+00:00] app.INFO: Aktiivne töölog leitud {"log_id":67} []
[2025-02-24T16:32:06.589694+00:00] app.INFO: Kuu tunnid arvutatud {"total_hours":113.03} []
[2025-02-24T16:32:06.589941+00:00] app.INFO: Kasutaja palga andmed arvutatud {"hourly_rate":"100.00","advance":"10.00"} []
[2025-02-24T16:32:06.590030+00:00] app.INFO: Kuu eesmärk arvutatud {"monthly_target":160,"progress":71.0} []
[2025-02-24T16:32:36.746641+00:00] app.INFO: Logger initsialiseeritud. [] []
[2025-02-24T16:32:36.746797+00:00] app.INFO: dashboard.php avatud {"user_id":6} []
[2025-02-24T16:32:36.748186+00:00] app.INFO: Aktiivset töölogi ei leitud {"user_id":6} []
[2025-02-24T16:32:36.749147+00:00] app.INFO: Viimane lõpetatud töölog leitud {"log_id":67} []
[2025-02-24T16:32:36.749558+00:00] app.INFO: Kuu tunnid arvutatud {"total_hours":113.05} []
[2025-02-24T16:32:36.749854+00:00] app.INFO: Kasutaja palga andmed arvutatud {"hourly_rate":"100.00","advance":"10.00"} []
[2025-02-24T16:32:36.750016+00:00] app.INFO: Kuu eesmärk arvutatud {"monthly_target":160,"progress":71.0} []
[2025-02-24T16:36:19.365056+00:00] app.INFO: Logger initsialiseeritud. [] []
[2025-02-24T16:36:19.365775+00:00] app.INFO: dashboard.php avatud {"user_id":6} []
[2025-02-24T16:36:19.367247+00:00] app.INFO: Aktiivset töölogi ei leitud {"user_id":6} []
[2025-02-24T16:36:19.368783+00:00] app.INFO: Viimane lõpetatud töölog leitud {"log_id":67} []
[2025-02-24T16:36:19.369355+00:00] app.INFO: Kuu tunnid arvutatud {"total_hours":113.05} []
[2025-02-24T16:36:19.369752+00:00] app.INFO: Kasutaja palga andmed arvutatud {"hourly_rate":"100.00","advance":"10.00"} []
[2025-02-24T16:36:19.369969+00:00] app.INFO: Kuu eesmärk arvutatud {"monthly_target":160,"progress":71.0} []
[2025-02-24T16:36:31.825682+00:00] app.INFO: Logger initsialiseeritud. [] []
[2025-02-24T16:36:31.826617+00:00] app.INFO: dashboard.php avatud {"user_id":6} []
[2025-02-24T16:36:31.828170+00:00] app.INFO: Aktiivset töölogi ei leitud {"user_id":6} []
[2025-02-24T16:36:31.829380+00:00] app.INFO: Viimane lõpetatud töölog leitud {"log_id":67} []
[2025-02-24T16:36:31.829923+00:00] app.INFO: Kuu tunnid arvutatud {"total_hours":113.05} []
[2025-02-24T16:36:31.830305+00:00] app.INFO: Kasutaja palga andmed arvutatud {"hourly_rate":"100.00","advance":"10.00"} []
[2025-02-24T16:36:31.830554+00:00] app.INFO: Kuu eesmärk arvutatud {"monthly_target":160,"progress":71.0} []
[2025-02-24T16:36:52.131452+00:00] app.INFO: Logger initsialiseeritud. [] []
[2025-02-24T16:36:52.131953+00:00] app.INFO: dashboard.php avatud {"user_id":6} []
[2025-02-24T16:36:52.133545+00:00] app.INFO: Aktiivset töölogi ei leitud {"user_id":6} []
[2025-02-24T16:36:52.134608+00:00] app.INFO: Viimane lõpetatud töölog leitud {"log_id":67} []
[2025-02-24T16:36:52.135091+00:00] app.INFO: Kuu tunnid arvutatud {"total_hours":113.05} []
[2025-02-24T16:36:52.135418+00:00] app.INFO: Kasutaja palga andmed arvutatud {"hourly_rate":"100.00","advance":"10.00"} []
[2025-02-24T16:36:52.135594+00:00] app.INFO: Kuu eesmärk arvutatud {"monthly_target":160,"progress":71.0} []
[2025-02-24T16:36:57.472411+00:00] app.INFO: Logger initsialiseeritud. [] []
[2025-02-24T16:36:57.472835+00:00] app.INFO: dashboard.php avatud {"user_id":6} []
[2025-02-24T16:36:57.474523+00:00] app.INFO: Aktiivne töölog leitud {"log_id":68} []
[2025-02-24T16:36:57.475041+00:00] app.INFO: Kuu tunnid arvutatud {"total_hours":113.05} []
[2025-02-24T16:36:57.475335+00:00] app.INFO: Kasutaja palga andmed arvutatud {"hourly_rate":"100.00","advance":"10.00"} []
[2025-02-24T16:36:57.475478+00:00] app.INFO: Kuu eesmärk arvutatud {"monthly_target":160,"progress":71.0} []
[2025-02-24T16:41:04.233322+00:00] app.INFO: Logger initsialiseeritud. [] []
[2025-02-24T16:41:04.233816+00:00] app.INFO: dashboard.php avatud {"user_id":6} []
[2025-02-24T16:41:04.235815+00:00] app.INFO: Aktiivne töölog leitud {"log_id":68} []
[2025-02-24T16:41:04.236590+00:00] app.INFO: Kuu tunnid arvutatud {"total_hours":113.05} []
[2025-02-24T16:41:04.237165+00:00] app.INFO: Kasutaja palga andmed arvutatud {"hourly_rate":"100.00","advance":"10.00"} []
[2025-02-24T16:41:04.237478+00:00] app.INFO: Kuu eesmärk arvutatud {"monthly_target":160,"progress":71.0} []
[2025-02-24T16:41:04.301290+00:00] app.INFO: Logger initsialiseeritud. [] []
[2025-02-24T16:41:04.301698+00:00] app.INFO: dashboard.php avatud {"user_id":6} []
[2025-02-24T16:41:04.303049+00:00] app.INFO: Aktiivset töölogi ei leitud {"user_id":6} []
[2025-02-24T16:41:04.304264+00:00] app.INFO: Viimane lõpetatud töölog leitud {"log_id":68} []
[2025-02-24T16:41:04.304946+00:00] app.INFO: Kuu tunnid arvutatud {"total_hours":113.12} []
[2025-02-24T16:41:04.305488+00:00] app.INFO: Kasutaja palga andmed arvutatud {"hourly_rate":"100.00","advance":"10.00"} []
[2025-02-24T16:41:04.305812+00:00] app.INFO: Kuu eesmärk arvutatud {"monthly_target":160,"progress":71.0} []
[2025-02-24T16:41:18.187680+00:00] app.INFO: Logger initsialiseeritud. [] []
[2025-02-24T16:41:18.187871+00:00] app.INFO: dashboard.php avatud {"user_id":6} []
[2025-02-24T16:41:18.189062+00:00] app.INFO: Aktiivset töölogi ei leitud {"user_id":6} []
[2025-02-24T16:41:18.189918+00:00] app.INFO: Viimane lõpetatud töölog leitud {"log_id":68} []
[2025-02-24T16:41:18.190279+00:00] app.INFO: Kuu tunnid arvutatud {"total_hours":113.12} []
[2025-02-24T16:41:18.191684+00:00] app.INFO: Kasutaja palga andmed arvutatud {"hourly_rate":"100.00","advance":"10.00"} []
[2025-02-24T16:41:18.191818+00:00] app.INFO: Kuu eesmärk arvutatud {"monthly_target":160,"progress":71.0} []
[2025-02-24T16:41:35.745866+00:00] app.INFO: Logger initsialiseeritud. [] []
[2025-02-24T16:41:35.746495+00:00] app.INFO: dashboard.php avatud {"user_id":6} []
[2025-02-24T16:41:35.748009+00:00] app.INFO: Aktiivset töölogi ei leitud {"user_id":6} []
[2025-02-24T16:41:35.749367+00:00] app.INFO: Viimane lõpetatud töölog leitud {"log_id":68} []
[2025-02-24T16:41:35.750087+00:00] app.INFO: Kuu tunnid arvutatud {"total_hours":113.12} []
[2025-02-24T16:41:35.750573+00:00] app.INFO: Kasutaja palga andmed arvutatud {"hourly_rate":"100.00","advance":"10.00"} []
[2025-02-24T16:41:35.750905+00:00] app.INFO: Kuu eesmärk arvutatud {"monthly_target":160,"progress":71.0} []
[2025-02-24T16:41:48.243175+00:00] app.INFO: Logger initsialiseeritud. [] []
[2025-02-24T16:41:48.243341+00:00] app.INFO: dashboard.php avatud {"user_id":6} []
[2025-02-24T16:41:48.244534+00:00] app.INFO: Aktiivset töölogi ei leitud {"user_id":6} []
[2025-02-24T16:41:48.245360+00:00] app.INFO: Viimane lõpetatud töölog leitud {"log_id":68} []
[2025-02-24T16:41:48.245721+00:00] app.INFO: Kuu tunnid arvutatud {"total_hours":113.12} []
[2025-02-24T16:41:48.245952+00:00] app.INFO: Kasutaja palga andmed arvutatud {"hourly_rate":"100.00","advance":"10.00"} []
[2025-02-24T16:41:48.246041+00:00] app.INFO: Kuu eesmärk arvutatud {"monthly_target":160,"progress":71.0} []
[2025-02-24T16:41:55.240875+00:00] app.INFO: Logger initsialiseeritud. [] []
[2025-02-24T16:41:55.241053+00:00] app.INFO: dashboard.php avatud {"user_id":6} []
[2025-02-24T16:41:55.242230+00:00] app.INFO: Aktiivset töölogi ei leitud {"user_id":6} []
[2025-02-24T16:41:55.243079+00:00] app.INFO: Viimane lõpetatud töölog leitud {"log_id":68} []
[2025-02-24T16:41:55.243449+00:00] app.INFO: Kuu tunnid arvutatud {"total_hours":113.12} []
[2025-02-24T16:41:55.243685+00:00] app.INFO: Kasutaja palga andmed arvutatud {"hourly_rate":"100.00","advance":"10.00"} []
[2025-02-24T16:41:55.243775+00:00] app.INFO: Kuu eesmärk arvutatud {"monthly_target":160,"progress":71.0} []
[2025-02-24T16:42:08.285375+00:00] app.INFO: Logger initsialiseeritud. [] []
[2025-02-24T16:42:08.285577+00:00] app.INFO: dashboard.php avatud {"user_id":6} []
[2025-02-24T16:42:08.287304+00:00] app.INFO: Aktiivset töölogi ei leitud {"user_id":6} []
[2025-02-24T16:42:08.288641+00:00] app.INFO: Viimane lõpetatud töölog leitud {"log_id":68} []
[2025-02-24T16:42:08.289313+00:00] app.INFO: Kuu tunnid arvutatud {"total_hours":113.12} []
[2025-02-24T16:42:08.289794+00:00] app.INFO: Kasutaja palga andmed arvutatud {"hourly_rate":"100.00","advance":"10.00"} []
[2025-02-24T16:42:08.290075+00:00] app.INFO: Kuu eesmärk arvutatud {"monthly_target":160,"progress":71.0} []
[2025-02-24T16:42:11.884742+00:00] app.INFO: Logger initsialiseeritud. [] []
[2025-02-24T16:42:11.884913+00:00] app.INFO: dashboard.php avatud {"user_id":6} []
[2025-02-24T16:42:11.886720+00:00] app.INFO: Aktiivne töölog leitud {"log_id":69} []
[2025-02-24T16:42:11.887516+00:00] app.INFO: Kuu tunnid arvutatud {"total_hours":113.12} []
[2025-02-24T16:42:11.888038+00:00] app.INFO: Kasutaja palga andmed arvutatud {"hourly_rate":"100.00","advance":"10.00"} []
[2025-02-24T16:42:11.888441+00:00] app.INFO: Kuu eesmärk arvutatud {"monthly_target":160,"progress":71.0} []
[2025-02-24T16:42:20.793591+00:00] app.INFO: Logger initsialiseeritud. [] []
[2025-02-24T16:42:20.794247+00:00] app.INFO: dashboard.php avatud {"user_id":6} []
[2025-02-24T16:42:20.796187+00:00] app.INFO: Aktiivne töölog leitud {"log_id":69} []
[2025-02-24T16:42:20.797036+00:00] app.INFO: Kuu tunnid arvutatud {"total_hours":113.12} []
[2025-02-24T16:42:20.797783+00:00] app.INFO: Kasutaja palga andmed arvutatud {"hourly_rate":"100.00","advance":"10.00"} []
[2025-02-24T16:42:20.798301+00:00] app.INFO: Kuu eesmärk arvutatud {"monthly_target":160,"progress":71.0} []
[2025-02-24T16:42:38.035209+00:00] app.INFO: Logger initsialiseeritud. [] []
[2025-02-24T16:42:38.035926+00:00] app.INFO: dashboard.php avatud {"user_id":6} []
[2025-02-24T16:42:38.037661+00:00] app.INFO: Aktiivne töölog leitud {"log_id":69} []
[2025-02-24T16:42:38.038443+00:00] app.INFO: Kuu tunnid arvutatud {"total_hours":113.12} []
[2025-02-24T16:42:38.039034+00:00] app.INFO: Kasutaja palga andmed arvutatud {"hourly_rate":"100.00","advance":"10.00"} []
[2025-02-24T16:42:38.039338+00:00] app.INFO: Kuu eesmärk arvutatud {"monthly_target":160,"progress":71.0} []
[2025-02-24T16:42:38.102309+00:00] app.INFO: Logger initsialiseeritud. [] []
[2025-02-24T16:42:38.102709+00:00] app.INFO: dashboard.php avatud {"user_id":6} []
[2025-02-24T16:42:38.104116+00:00] app.INFO: Aktiivset töölogi ei leitud {"user_id":6} []
[2025-02-24T16:42:38.105412+00:00] app.INFO: Viimane lõpetatud töölog leitud {"log_id":69} []
[2025-02-24T16:42:38.106057+00:00] app.INFO: Kuu tunnid arvutatud {"total_hours":113.12} []
[2025-02-24T16:42:38.106600+00:00] app.INFO: Kasutaja palga andmed arvutatud {"hourly_rate":"100.00","advance":"10.00"} []
[2025-02-24T16:42:38.106914+00:00] app.INFO: Kuu eesmärk arvutatud {"monthly_target":160,"progress":71.0} []
[2025-02-24T16:43:38.469708+00:00] app.INFO: Logger initsialiseeritud. [] []
[2025-02-24T16:43:43.105087+00:00] app.INFO: Logger initsialiseeritud. [] []
[2025-02-24T16:43:52.152108+00:00] app.INFO: Logger initsialiseeritud. [] []
[2025-02-24T16:43:59.605266+00:00] app.INFO: Logger initsialiseeritud. [] []
[2025-02-24T16:44:02.684408+00:00] app.INFO: Logger initsialiseeritud. [] []
[2025-02-24T16:44:30.573756+00:00] app.INFO: Logger initsialiseeritud. [] []
[2025-02-24T16:44:30.672510+00:00] app.INFO: Logger initsialiseeritud. [] []
[2025-02-24T16:45:13.178579+00:00] app.INFO: Logger initsialiseeritud. [] []
[2025-02-24T16:45:16.042427+00:00] app.INFO: Logger initsialiseeritud. [] []
[2025-02-24T16:45:27.416058+00:00] app.INFO: Logger initsialiseeritud. [] []
[2025-02-24T16:45:27.478826+00:00] app.INFO: Logger initsialiseeritud. [] []
[2025-02-24T16:45:32.675319+00:00] app.INFO: Logger initsialiseeritud. [] []
[2025-02-24T16:45:39.594294+00:00] app.INFO: Logger initsialiseeritud. [] []
[2025-02-24T16:50:26.949447+00:00] app.INFO: Logger initsialiseeritud. [] []
[2025-02-24T16:50:48.635271+00:00] app.INFO: Logger initsialiseeritud. [] []
[2025-02-24T16:50:55.935953+00:00] app.INFO: Logger initsialiseeritud. [] []
[2025-02-24T16:51:07.910876+00:00] app.INFO: Logger initsialiseeritud. [] []
[2025-02-24T16:51:11.810888+00:00] app.INFO: Logger initsialiseeritud. [] []
[2025-02-24T16:52:55.419534+00:00] app.INFO: Logger initsialiseeritud. [] []
[2025-02-24T16:53:18.557431+00:00] app.INFO: Logger initsialiseeritud. [] []
[2025-02-24T16:53:18.677239+00:00] app.INFO: Logger initsialiseeritud. [] []
[2025-02-24T16:53:34.044028+00:00] app.INFO: Logger initsialiseeritud. [] []
[2025-02-24T16:53:38.392720+00:00] app.INFO: Logger initsialiseeritud. [] []
[2025-02-24T16:53:44.432983+00:00] app.INFO: Logger initsialiseeritud. [] []
[2025-02-24T17:01:27.020774+00:00] app.INFO: Logger initsialiseeritud. [] []
[2025-02-24T17:01:33.954988+00:00] app.INFO: Logger initsialiseeritud. [] []
[2025-02-24T17:09:11.463656+00:00] app.INFO: Logger initsialiseeritud. [] []
[2025-02-24T17:10:36.361197+00:00] app.INFO: Logger initsialiseeritud. [] []
[2025-02-24T17:13:17.476976+00:00] app.INFO: Logger initsialiseeritud. [] []
[2025-02-24T17:16:16.429455+00:00] app.INFO: Logger initsialiseeritud. [] []
[2025-02-24T17:21:29.191321+00:00] app.INFO: Logger initsialiseeritud. [] []
[2025-02-24T17:21:29.477563+00:00] app.INFO: Logger initsialiseeritud. [] []
[2025-02-24T17:57:31.071911+00:00] app.INFO: Logger initsialiseeritud. [] []
[2025-02-24T17:57:31.582644+00:00] app.INFO: Logger initsialiseeritud. [] []
[2025-02-24T18:01:25.652830+00:00] app.INFO: Logger initsialiseeritud. [] []
[2025-02-24T18:01:26.896954+00:00] app.INFO: Logger initsialiseeritud. [] []
[2025-02-24T18:01:39.933091+00:00] app.INFO: Logger initsialiseeritud. [] []
[2025-02-24T18:02:06.152667+00:00] app.INFO: Logger initsialiseeritud. [] []
[2025-02-24T18:04:25.444285+00:00] app.INFO: Logger initsialiseeritud. [] []
[2025-02-24T18:04:32.083269+00:00] app.INFO: Logger initsialiseeritud. [] []
[2025-02-24T18:04:34.332212+00:00] app.INFO: Logger initsialiseeritud. [] []
[2025-02-24T18:04:48.762159+00:00] app.INFO: Logger initsialiseeritud. [] []
[2025-02-24T18:04:53.041777+00:00] app.INFO: Logger initsialiseeritud. [] []
[2025-02-24T18:04:54.009190+00:00] app.INFO: Logger initsialiseeritud. [] []
[2025-02-24T18:04:54.697952+00:00] app.INFO: Logger initsialiseeritud. [] []
[2025-02-24T18:05:53.537464+00:00] app.INFO: Logger initsialiseeritud. [] []
[2025-02-24T18:06:06.824248+00:00] app.INFO: Logger initsialiseeritud. [] []
[2025-02-24T18:06:10.881467+00:00] app.INFO: Logger initsialiseeritud. [] []
[2025-02-24T18:06:57.753159+00:00] app.INFO: Logger initsialiseeritud. [] []
[2025-02-24T18:07:01.774364+00:00] app.INFO: Logger initsialiseeritud. [] []
[2025-02-24T18:08:09.003619+00:00] app.INFO: Logger initsialiseeritud. [] []
[2025-02-24T18:09:01.343484+00:00] app.INFO: Logger initsialiseeritud. [] []
[2025-02-24T18:10:01.625643+00:00] app.INFO: Logger initsialiseeritud. [] []
[2025-02-24T18:11:25.363225+00:00] app.INFO: Logger initsialiseeritud. [] []
[2025-02-24T18:11:43.019894+00:00] app.INFO: Logger initsialiseeritud. [] []
[2025-02-24T18:16:22.465064+00:00] app.INFO: Logger initsialiseeritud. [] []
[2025-02-24T18:18:18.977811+00:00] app.INFO: Logger initsialiseeritud. [] []
[2025-02-24T18:18:26.567855+00:00] app.INFO: Logger initsialiseeritud. [] []
[2025-02-24T18:18:32.227679+00:00] app.INFO: Logger initsialiseeritud. [] []
[2025-02-24T18:18:41.824372+00:00] app.INFO: Logger initsialiseeritud. [] []
[2025-02-24T18:18:47.646650+00:00] app.INFO: Logger initsialiseeritud. [] []
[2025-02-24T18:18:59.781083+00:00] app.INFO: Logger initsialiseeritud. [] []
[2025-02-24T18:19:04.003774+00:00] app.INFO: Logger initsialiseeritud. [] []
[2025-02-24T18:19:08.015831+00:00] app.INFO: Logger initsialiseeritud. [] []
[2025-02-24T18:25:54.811411+00:00] app.INFO: Logger initsialiseeritud. [] []
[2025-02-24T18:25:58.577672+00:00] app.INFO: Logger initsialiseeritud. [] []
[2025-02-24T18:26:50.291729+00:00] app.INFO: Logger initsialiseeritud. [] []
[2025-02-24T18:26:56.964832+00:00] app.INFO: Logger initsialiseeritud. [] []
[2025-02-24T18:28:06.730622+00:00] app.INFO: Logger initsialiseeritud. [] []
[2025-02-24T18:28:24.063754+00:00] app.INFO: Logger initsialiseeritud. [] []
[2025-02-24T18:28:26.952015+00:00] app.INFO: Logger initsialiseeritud. [] []
[2025-02-24T18:28:30.142685+00:00] app.INFO: Logger initsialiseeritud. [] []
[2025-02-24T18:28:34.603416+00:00] app.INFO: Logger initsialiseeritud. [] []
[2025-02-24T18:28:38.986385+00:00] app.INFO: Logger initsialiseeritud. [] []
[2025-02-24T18:28:44.406091+00:00] app.INFO: Logger initsialiseeritud. [] []
[2025-02-24T18:28:48.649781+00:00] app.INFO: Logger initsialiseeritud. [] []
[2025-02-24T18:28:52.758317+00:00] app.INFO: Logger initsialiseeritud. [] []
[2025-02-24T18:28:56.667926+00:00] app.INFO: Logger initsialiseeritud. [] []
[2025-02-24T18:29:01.992729+00:00] app.INFO: Logger initsialiseeritud. [] []
[2025-02-24T18:29:07.387135+00:00] app.INFO: Logger initsialiseeritud. [] []
[2025-02-24T18:33:53.113346+00:00] app.INFO: Logger initsialiseeritud. [] []
[2025-02-24T18:33:58.348101+00:00] app.INFO: Logger initsialiseeritud. [] []
[2025-02-24T18:36:04.703858+00:00] app.INFO: Logger initsialiseeritud. [] []
[2025-02-24T18:36:08.436776+00:00] app.INFO: Logger initsialiseeritud. [] []
[2025-02-24T18:37:11.420291+00:00] app.INFO: Logger initsialiseeritud. [] []
[2025-02-24T18:37:16.462301+00:00] app.INFO: Logger initsialiseeritud. [] []
[2025-02-24T18:37:26.157160+00:00] app.INFO: Logger initsialiseeritud. [] []
[2025-02-24T18:37:29.970239+00:00] app.INFO: Logger initsialiseeritud. [] []
[2025-02-24T18:37:34.502359+00:00] app.INFO: Logger initsialiseeritud. [] []
[2025-02-24T18:37:39.554008+00:00] app.INFO: Logger initsialiseeritud. [] []
[2025-02-24T18:37:43.426684+00:00] app.INFO: Logger initsialiseeritud. [] []
[2025-02-24T18:38:15.612244+00:00] app.INFO: Logger initsialiseeritud. [] []
[2025-02-24T18:38:43.904510+00:00] app.INFO: Logger initsialiseeritud. [] []
[2025-02-24T18:38:52.818227+00:00] app.INFO: Logger initsialiseeritud. [] []
[2025-02-24T18:39:17.162287+00:00] app.INFO: Logger initsialiseeritud. [] []
[2025-02-24T18:39:42.149350+00:00] app.INFO: Logger initsialiseeritud. [] []
[2025-02-24T18:39:48.566494+00:00] app.INFO: Logger initsialiseeritud. [] []
[2025-02-24T18:39:52.690302+00:00] app.INFO: Logger initsialiseeritud. [] []
[2025-02-24T18:40:09.313097+00:00] app.INFO: Logger initsialiseeritud. [] []
[2025-02-24T18:40:13.599329+00:00] app.INFO: Logger initsialiseeritud. [] []
[2025-02-24T18:40:34.059845+00:00] app.INFO: Logger initsialiseeritud. [] []
[2025-02-24T18:41:33.869989+00:00] app.INFO: Logger initsialiseeritud. [] []
[2025-02-24T18:41:37.448573+00:00] app.INFO: Logger initsialiseeritud. [] []
[2025-02-24T18:41:41.273690+00:00] app.INFO: Logger initsialiseeritud. [] []
[2025-02-24T18:42:03.441157+00:00] app.INFO: Logger initsialiseeritud. [] []
[2025-02-24T18:42:37.394298+00:00] app.INFO: Logger initsialiseeritud. [] []
[2025-02-24T18:43:04.765871+00:00] app.INFO: Logger initsialiseeritud. [] []
[2025-02-24T18:43:37.116505+00:00] app.INFO: Logger initsialiseeritud. [] []
[2025-02-24T18:45:03.358485+00:00] app.INFO: Logger initsialiseeritud. [] []
[2025-02-24T18:45:07.236062+00:00] app.INFO: Logger initsialiseeritud. [] []
[2025-02-24T18:45:42.003348+00:00] app.INFO: Logger initsialiseeritud. [] []
[2025-02-24T18:45:49.918206+00:00] app.INFO: Logger initsialiseeritud. [] []
[2025-02-24T18:45:55.077928+00:00] app.INFO: Logger initsialiseeritud. [] []
[2025-02-24T18:45:59.263385+00:00] app.INFO: Logger initsialiseeritud. [] []
[2025-02-24T18:47:40.149706+00:00] app.INFO: Logger initsialiseeritud. [] []
[2025-02-24T18:48:00.279300+00:00] app.INFO: Logger initsialiseeritud. [] []
[2025-02-24T18:48:06.320499+00:00] app.INFO: Logger initsialiseeritud. [] []
[2025-02-24T18:48:12.267448+00:00] app.INFO: Logger initsialiseeritud. [] []
[2025-02-24T18:48:18.420360+00:00] app.INFO: Logger initsialiseeritud. [] []
[2025-02-24T18:48:29.224482+00:00] app.INFO: Logger initsialiseeritud. [] []
[2025-02-24T18:48:36.723562+00:00] app.INFO: Logger initsialiseeritud. [] []
[2025-02-24T18:48:54.903302+00:00] app.INFO: Logger initsialiseeritud. [] []
[2025-02-24T18:49:58.588948+00:00] app.INFO: Logger initsialiseeritud. [] []
[2025-02-24T18:50:00.954730+00:00] app.INFO: Logger initsialiseeritud. [] []
[2025-02-24T18:53:30.695750+00:00] app.INFO: Logger initsialiseeritud. [] []
[2025-02-24T18:53:48.176783+00:00] app.INFO: Logger initsialiseeritud. [] []
[2025-02-24T18:57:02.075693+00:00] app.INFO: Logger initsialiseeritud. [] []
[2025-02-24T18:57:15.497866+00:00] app.INFO: Logger initsialiseeritud. [] []
[2025-02-24T18:57:23.797138+00:00] app.INFO: Logger initsialiseeritud. [] []
[2025-02-24T18:57:39.560581+00:00] app.INFO: Logger initsialiseeritud. [] []
[2025-02-24T18:58:17.617763+00:00] app.INFO: Logger initsialiseeritud. [] []
[2025-02-24T19:00:20.948798+00:00] app.INFO: Logger initsialiseeritud. [] []
[2025-02-24T19:04:56.220075+00:00] app.INFO: Logger initsialiseeritud. [] []
[2025-02-24T19:05:09.153186+00:00] app.INFO: Logger initsialiseeritud. [] []
[2025-02-24T19:05:12.116153+00:00] app.INFO: Logger initsialiseeritud. [] []
[2025-02-24T19:05:14.972510+00:00] app.INFO: Logger initsialiseeritud. [] []
[2025-02-24T19:05:24.872525+00:00] app.INFO: Logger initsialiseeritud. [] []
[2025-02-24T19:06:59.053568+00:00] app.INFO: Logger initsialiseeritud. [] []
[2025-02-24T19:07:25.288930+00:00] app.INFO: Logger initsialiseeritud. [] []
[2025-02-24T19:09:16.077559+00:00] app.INFO: Logger initsialiseeritud. [] []
[2025-02-24T19:09:34.339732+00:00] app.INFO: Logger initsialiseeritud. [] []
[2025-02-24T19:10:22.644975+00:00] app.INFO: Logger initsialiseeritud. [] []
[2025-02-24T19:10:34.630284+00:00] app.INFO: Logger initsialiseeritud. [] []
[2025-02-24T19:12:36.642316+00:00] app.INFO: Logger initsialiseeritud. [] []
[2025-02-24T19:13:11.766524+00:00] app.INFO: Logger initsialiseeritud. [] []
[2025-02-24T19:14:08.757226+00:00] app.INFO: Logger initsialiseeritud. [] []
[2025-02-24T19:14:18.502777+00:00] app.INFO: Logger initsialiseeritud. [] []
[2025-02-24T19:14:26.540381+00:00] app.INFO: Logger initsialiseeritud. [] []
[2025-02-24T19:14:31.577340+00:00] app.INFO: Logger initsialiseeritud. [] []
[2025-02-24T19:14:37.789527+00:00] app.INFO: Logger initsialiseeritud. [] []
[2025-02-24T19:14:42.434685+00:00] app.INFO: Logger initsialiseeritud. [] []
[2025-02-24T19:14:47.231237+00:00] app.INFO: Logger initsialiseeritud. [] []
[2025-02-24T19:14:57.776434+00:00] app.INFO: Logger initsialiseeritud. [] []
[2025-02-24T19:15:20.262466+00:00] app.INFO: Logger initsialiseeritud. [] []
[2025-02-24T19:17:00.332535+00:00] app.INFO: Logger initsialiseeritud. [] []
[2025-02-24T19:17:02.332026+00:00] app.INFO: Logger initsialiseeritud. [] []
[2025-02-24T19:17:03.172162+00:00] app.INFO: Logger initsialiseeritud. [] []
[2025-02-24T19:18:55.279701+00:00] app.INFO: Logger initsialiseeritud. [] []
[2025-02-24T19:19:57.498318+00:00] app.INFO: Logger initsialiseeritud. [] []
[2025-02-24T19:20:49.856694+00:00] app.INFO: Logger initsialiseeritud. [] []
[2025-02-24T19:21:10.996449+00:00] app.INFO: Logger initsialiseeritud. [] []
[2025-02-24T19:21:35.270835+00:00] app.INFO: Logger initsialiseeritud. [] []
[2025-02-24T19:22:54.527740+00:00] app.INFO: Logger initsialiseeritud. [] []
[2025-02-24T19:23:08.332687+00:00] app.INFO: Logger initsialiseeritud. [] []
[2025-02-24T19:23:16.699604+00:00] app.INFO: Logger initsialiseeritud. [] []
[2025-02-24T19:23:20.660844+00:00] app.INFO: Logger initsialiseeritud. [] []
[2025-02-24T19:23:21.232189+00:00] app.INFO: Logger initsialiseeritud. [] []
[2025-02-24T19:23:21.401989+00:00] app.INFO: Logger initsialiseeritud. [] []
[2025-02-24T19:23:21.595401+00:00] app.INFO: Logger initsialiseeritud. [] []
[2025-02-24T19:23:21.782175+00:00] app.INFO: Logger initsialiseeritud. [] []
[2025-02-24T19:23:21.997382+00:00] app.INFO: Logger initsialiseeritud. [] []
[2025-02-24T19:23:22.153963+00:00] app.INFO: Logger initsialiseeritud. [] []
[2025-02-24T19:23:22.315219+00:00] app.INFO: Logger initsialiseeritud. [] []
[2025-02-24T19:23:22.491306+00:00] app.INFO: Logger initsialiseeritud. [] []
[2025-02-24T19:23:22.634834+00:00] app.INFO: Logger initsialiseeritud. [] []
[2025-02-24T19:24:53.491727+00:00] app.INFO: Logger initsialiseeritud. [] []
[2025-02-24T19:25:02.288851+00:00] app.INFO: Logger initsialiseeritud. [] []
[2025-02-24T19:25:05.246744+00:00] app.INFO: Logger initsialiseeritud. [] []
[2025-02-24T19:25:10.950062+00:00] app.INFO: Logger initsialiseeritud. [] []
[2025-02-24T19:25:29.113249+00:00] app.INFO: Logger initsialiseeritud. [] []
[2025-02-24T19:29:53.967740+00:00] app.INFO: Logger initsialiseeritud. [] []
[2025-02-24T19:30:24.999124+00:00] app.INFO: Logger initsialiseeritud. [] []
[2025-02-24T19:30:48.584242+00:00] app.INFO: Logger initsialiseeritud. [] []
[2025-02-24T19:31:09.260979+00:00] app.INFO: Logger initsialiseeritud. [] []
[2025-02-24T19:31:29.591605+00:00] app.INFO: Logger initsialiseeritud. [] []
[2025-02-24T19:31:45.359909+00:00] app.INFO: Logger initsialiseeritud. [] []
[2025-02-24T19:33:44.396020+00:00] app.INFO: Logger initsialiseeritud. [] []
[2025-02-24T19:33:56.672071+00:00] app.INFO: Logger initsialiseeritud. [] []
[2025-02-24T19:34:23.608758+00:00] app.INFO: Logger initsialiseeritud. [] []
[2025-02-24T19:34:31.302514+00:00] app.INFO: Logger initsialiseeritud. [] []
[2025-02-24T19:34:45.391374+00:00] app.INFO: Logger initsialiseeritud. [] []
[2025-02-24T19:35:14.470305+00:00] app.INFO: Logger initsialiseeritud. [] []
[2025-02-24T19:36:06.874709+00:00] app.INFO: Logger initsialiseeritud. [] []
[2025-02-24T19:36:24.876535+00:00] app.INFO: Logger initsialiseeritud. [] []
[2025-02-24T19:37:01.681167+00:00] app.INFO: Logger initsialiseeritud. [] []
[2025-02-24T19:37:32.866347+00:00] app.INFO: Logger initsialiseeritud. [] []
[2025-02-24T19:37:46.415000+00:00] app.INFO: Logger initsialiseeritud. [] []
[2025-02-24T19:38:16.744090+00:00] app.INFO: Logger initsialiseeritud. [] []
[2025-02-24T19:38:46.709431+00:00] app.INFO: Logger initsialiseeritud. [] []
[2025-02-24T19:39:20.733984+00:00] app.INFO: Logger initsialiseeritud. [] []
[2025-02-24T19:39:32.651906+00:00] app.INFO: Logger initsialiseeritud. [] []
[2025-02-24T19:40:01.916610+00:00] app.INFO: Logger initsialiseeritud. [] []
[2025-02-24T19:40:13.704517+00:00] app.INFO: Logger initsialiseeritud. [] []
[2025-02-24T19:44:32.328627+00:00] app.INFO: Logger initsialiseeritud. [] []
[2025-02-24T19:47:22.272252+00:00] app.INFO: Logger initsialiseeritud. [] []
[2025-02-24T19:47:31.423283+00:00] app.INFO: Logger initsialiseeritud. [] []
[2025-02-24T19:47:54.089022+00:00] app.INFO: Logger initsialiseeritud. [] []
[2025-02-24T19:48:05.037929+00:00] app.INFO: Logger initsialiseeritud. [] []
[2025-02-24T19:59:27.342745+00:00] app.INFO: Logger initsialiseeritud. [] []
[2025-02-24T19:59:41.208612+00:00] app.INFO: Logger initsialiseeritud. [] []
[2025-02-24T19:59:41.358904+00:00] app.INFO: Logger initsialiseeritud. [] []
[2025-02-24T20:00:00.553747+00:00] app.INFO: Logger initsialiseeritud. [] []
[2025-02-24T20:06:12.690789+00:00] app.INFO: Logger initsialiseeritud. [] []
[2025-02-24T20:06:48.757861+00:00] app.INFO: Logger initsialiseeritud. [] []
[2025-02-24T20:07:52.028861+00:00] app.INFO: Logger initsialiseeritud. [] []
[2025-02-24T20:08:28.615255+00:00] app.INFO: Logger initsialiseeritud. [] []
[2025-02-24T20:08:42.276684+00:00] app.INFO: Logger initsialiseeritud. [] []
[2025-02-24T20:09:07.854355+00:00] app.INFO: Logger initsialiseeritud. [] []
[2025-02-24T20:10:58.124998+00:00] app.INFO: Logger initsialiseeritud. [] []
[2025-02-24T20:12:54.051948+00:00] app.INFO: Logger initsialiseeritud. [] []
[2025-02-24T20:13:08.057488+00:00] app.INFO: Logger initsialiseeritud. [] []
[2025-02-24T20:13:22.139272+00:00] app.INFO: Logger initsialiseeritud. [] []
[2025-02-24T20:13:24.933670+00:00] app.INFO: Logger initsialiseeritud. [] []
[2025-02-24T20:13:42.115338+00:00] app.INFO: Logger initsialiseeritud. [] []
[2025-02-24T20:16:23.703480+00:00] app.INFO: Logger initsialiseeritud. [] []
[2025-02-24T20:16:27.851402+00:00] app.INFO: Logger initsialiseeritud. [] []
[2025-02-24T20:16:38.304031+00:00] app.INFO: Logger initsialiseeritud. [] []
[2025-02-24T20:16:51.503375+00:00] app.INFO: Logger initsialiseeritud. [] []
[2025-02-24T20:16:56.576366+00:00] app.INFO: Logger initsialiseeritud. [] []
[2025-02-24T20:17:01.894063+00:00] app.INFO: Logger initsialiseeritud. [] []
[2025-02-24T20:17:23.050970+00:00] app.INFO: Logger initsialiseeritud. [] []
[2025-02-24T20:17:45.823890+00:00] app.INFO: Logger initsialiseeritud. [] []
[2025-02-24T20:20:02.762452+00:00] app.INFO: Logger initsialiseeritud. [] []
[2025-02-24T20:24:09.622428+00:00] app.INFO: Logger initsialiseeritud. [] []
[2025-02-24T20:25:40.226773+00:00] app.INFO: Logger initsialiseeritud. [] []
[2025-02-24T20:26:53.234192+00:00] app.INFO: Logger initsialiseeritud. [] []
[2025-02-24T20:30:44.032770+00:00] app.INFO: Logger initsialiseeritud. [] []
[2025-02-24T20:30:52.933597+00:00] app.INFO: Logger initsialiseeritud. [] []
[2025-02-24T20:32:08.198810+00:00] app.INFO: Logger initsialiseeritud. [] []
[2025-02-24T20:34:31.637834+00:00] app.INFO: Logger initsialiseeritud. [] []
[2025-02-24T20:34:59.031789+00:00] app.INFO: Logger initsialiseeritud. [] []
[2025-02-24T20:35:07.598340+00:00] app.INFO: Logger initsialiseeritud. [] []
[2025-02-24T20:35:46.150482+00:00] app.INFO: Logger initsialiseeritud. [] []
[2025-02-24T20:36:15.695735+00:00] app.INFO: Logger initsialiseeritud. [] []
[2025-02-25T05:40:41.816227+00:00] app.INFO: Logger initsialiseeritud. [] []
[2025-02-25T05:40:50.278839+00:00] app.INFO: Logger initsialiseeritud. [] []
[2025-02-25T05:55:40.281794+00:00] app.INFO: Logger initsialiseeritud. [] []
[2025-02-25T05:55:57.494898+00:00] app.INFO: Logger initsialiseeritud. [] []
[2025-02-25T06:05:32.600461+00:00] app.INFO: Logger initsialiseeritud. [] []
[2025-02-25T06:05:44.373527+00:00] app.INFO: Logger initsialiseeritud. [] []
[2025-02-25T07:49:34.990210+00:00] app.INFO: Logger initsialiseeritud. [] []
[2025-02-25T09:37:05.531557+00:00] app.INFO: Logger initsialiseeritud. [] []
[2025-02-25T09:51:38.421080+00:00] app.INFO: Logger initsialiseeritud. [] []
[2025-02-25T09:51:45.461573+00:00] app.INFO: Logger initsialiseeritud. [] []
[2025-02-25T09:52:35.689207+00:00] app.INFO: Logger initsialiseeritud. [] []
[2025-02-25T10:38:47.516634+00:00] app.INFO: Logger initsialiseeritud. [] []
[2025-02-25T10:38:57.236392+00:00] app.INFO: Logger initsialiseeritud. [] []
[2025-02-25T10:39:03.316593+00:00] app.INFO: Logger initsialiseeritud. [] []
[2025-02-25T10:39:16.436712+00:00] app.INFO: Logger initsialiseeritud. [] []
[2025-02-25T14:20:43.139375+00:00] app.INFO: Logger initsialiseeritud. [] []
[2025-02-25T14:22:47.765880+00:00] app.INFO: Logger initsialiseeritud. [] []
[2025-02-25T14:26:14.812076+00:00] app.INFO: Logger initsialiseeritud. [] []
[2025-02-25T14:26:37.148944+00:00] app.INFO: Logger initsialiseeritud. [] []
[2025-02-25T15:00:13.554021+00:00] app.INFO: Logger initsialiseeritud. [] []
[2025-02-25T15:01:24.275243+00:00] app.INFO: Logger initsialiseeritud. [] []
[2025-02-25T15:15:02.999651+00:00] app.INFO: Logger initsialiseeritud. [] []
[2025-02-25T15:15:03.541406+00:00] app.INFO: Logger initsialiseeritud. [] []
[2025-02-25T17:24:01.873812+00:00] app.INFO: Logger initsialiseeritud. [] []
[2025-02-25T17:25:07.191713+00:00] app.INFO: Logger initsialiseeritud. [] []
[2025-02-25T17:25:25.840993+00:00] app.INFO: Logger initsialiseeritud. [] []
[2025-02-25T17:31:17.243610+00:00] app.INFO: Logger initsialiseeritud. [] []
[2025-02-25T17:31:33.523801+00:00] app.INFO: Logger initsialiseeritud. [] []
[2025-02-25T17:31:39.381917+00:00] app.INFO: Logger initsialiseeritud. [] []
[2025-02-25T17:31:50.987671+00:00] app.INFO: Logger initsialiseeritud. [] []
[2025-02-25T17:31:55.118653+00:00] app.INFO: Logger initsialiseeritud. [] []
